200
Content-Type: text/html; charset=utf-8
Cross-Origin-Opener-Policy: same-origin
Date: Mon, 07 Sep 2026 08:06:26 GMT
Referrer-Policy: same-origin
Vary: Cookie, Accept-Encoding
X-Content-Type-Options: nosniff
X-Frame-Options: DENY


<!DOCTYPE html>
<html lang="zh-hans">
<head>
    <meta charset="UTF-8">
    <meta name="viewport" content="width=device-width, initial-scale=1.0">
    <title>wd:Probe WD - Test Wiki</title>

    <link rel="stylesheet" type="text/css" href="/-/static/fontawesome/css/all.css?v=fdfed703">
    <link rel="stylesheet" type="text/css" href="/-/static/wikidot-base.css?v=f5447e54">
    <link rel="preconnect" href="https://fonts.googleapis.com">
    <link rel="preconnect" href="https://fonts.gstatic.com" crossorigin>
    <link href="https://fonts.googleapis.com/css2?family=Inter+Tight:wght@400;500;600&family=JetBrains+Mono:wght@400;500&display=swap" rel="stylesheet">

    <script src="/-/static/app.js?v=ff4b1dfc" type="text/javascript"></script>
    <link rel="stylesheet" type="text/css" href="/-/static/system.css?v=23a5007b">
    <link rel="stylesheet" type="text/css" href="/-/static/wikit-tokens.css?v=c274bbb3">
    <link rel="stylesheet" type="text/css" href="/-/static/wikit-shell.css?v=8e298186">
    
    
</head>
<body class="system wikit-page">
    <div class="system-container">
        
        <div class="system-content">
            
            <div class="heading">
                <h1 id="title"></h1>
            </div>
            <div class="content">
                
<div class="wikit-scope">
  <div class="app-shell">

    <header class="app-header">
      <a href="/" class="brand">
        <img src="/-/static/images/wikitHana.png?v=577881c2" alt="ProjectWikit">
        <span class="wordmark">ProjectWikit</span>
      </a>
      <span class="divider"></span>
      <span class="path"><b>用户</b><span class="sep">/</span>wd:Probe WD</span>
      <div class="spacer"></div>
    </header>

    <main class="app-main">

      <div class="section-head">
        <div class="kicker-crumb"><b>个人</b><span class="sep">/</span>用户<span class="sep">/</span>31-wd:Probe WD</div>
        <h1 class="h1">个人资料</h1>
      </div>

      <div class="profile-head">
        <div class="avatar-big">
          <img src="/-/static/images/wikidot_avatar.png" alt="wd:Probe WD">
        </div>
        <div class="id">
          <div class="name">
            
              wd:Probe WD
            
          </div>
          <div class="meta">未激活</div>
        </div>
        <div class="actions">
          
          
        </div>
      </div>

      <dl class="dl">
        
          <dt>账号状态</dt><dd>从 Wikidot 平台迁移而来的非活跃用户</dd>
        
        
        
        
        <dt>加入时间</dt>
        <dd>
          <span class="odate w-date" data-timestamp="1787568547000" data-format="%b%e日, %Y年 %H:%M" style="display: inline">2026 年 8 月 24 日</span>
        </dd>
      </dl>

      

      
      <section class="profile-section">
        <span class="label">编辑履历</span>
        
        <ul class="feed">
          
          <li>
            <span class="what-line">
              <a class="what" href="/probe:changes">Probe Changes</a>
              <span class="flags"><span class="spantip" title="文章内容已更改">S</span></span>
            </span>
            <span class="when"><span class="odate w-date" data-timestamp="1731420495000" data-format="%b%e日, %Y年 %H:%M" style="display: inline">2024 年 11 月 12 日</span></span>
            <span class="from">Test Wiki</span>
          </li>
          
        </ul>
        
        
      </section>

      
      <section class="profile-section">
        <span class="label">发帖履历</span>
        
        <div class="empty">还没有发过任何帖子。</div>
        
      </section>


    </main>

  </div>
</div>

            </div>
        </div>
    </div>
    <div id="w-modals"></div>
</body>
</html>
