200
Content-Type: application/json
Cross-Origin-Opener-Policy: same-origin
Date: Mon, 07 Sep 2026 08:06:26 GMT
Referrer-Policy: same-origin
Vary: Cookie, Accept-Encoding
X-Content-Type-Options: nosniff
X-Frame-Options: DENY

{"uid": 5, "pageId": "scp-173", "title": "scp-173", "source": "[[include component:box a=173]]\n\n**\u9879\u76ee\u7f16\u53f7\uff1a** SCP-173\n\n**\u9879\u76ee\u7b49\u7ea7\uff1a** Euclid\n\n+ \u63cf\u8ff0\n\n\u4e00\u4e2a\u6d4b\u8bd5\u7528\u6761\u76ee\uff0c\u5305\u542b [[[main | \u5185\u94fe]]]\u3001[[[another-missing | \u7ea2\u94fe]]] \u548c\u4e00\u4e2a\u4ee3\u7801\u5757\uff1a\n\n[[code type=\"python\"]]\nprint(\"hello\")\n[[/code]]\n\n[[module Rate]]", "tags": [], "author": {"type": "normal", "id": 1, "name": "seeduser", "username": "seeduser", "urlName": "seeduser", "isActive": true, "avatar": null, "showAvatar": true, "admin": false, "staff": false, "editor": false, "roles": []}, "authors": [{"type": "normal", "id": 1, "name": "seeduser", "username": "seeduser", "urlName": "seeduser", "isActive": true, "avatar": null, "showAvatar": true, "admin": false, "staff": false, "editor": false, "roles": []}], "parent": null, "locked": false}