200
Content-Type: text/html; charset=utf-8
Cross-Origin-Opener-Policy: same-origin
Date: Mon, 07 Sep 2026 08:06:26 GMT
Referrer-Policy: same-origin
Vary: Cookie, Accept-Encoding
X-Content-Type-Options: nosniff
X-Frame-Options: DENY


<!DOCTYPE html>
<html lang="zh-hans">
<head>
    <meta charset="UTF-8">
    <meta name="viewport" content="width=device-width, initial-scale=1.0">
    <title>Probe Author - Test Wiki</title>

    <link rel="stylesheet" type="text/css" href="/-/static/fontawesome/css/all.css?v=fdfed703">
    <link rel="stylesheet" type="text/css" href="/-/static/wikidot-base.css?v=f5447e54">
    <link rel="preconnect" href="https://fonts.googleapis.com">
    <link rel="preconnect" href="https://fonts.gstatic.com" crossorigin>
    <link href="https://fonts.googleapis.com/css2?family=Inter+Tight:wght@400;500;600&family=JetBrains+Mono:wght@400;500&display=swap" rel="stylesheet">

    <script src="/-/static/app.js?v=ff4b1dfc" type="text/javascript"></script>
    <link rel="stylesheet" type="text/css" href="/-/static/system.css?v=23a5007b">
    <link rel="stylesheet" type="text/css" href="/-/static/wikit-tokens.css?v=c274bbb3">
    <link rel="stylesheet" type="text/css" href="/-/static/wikit-shell.css?v=8e298186">
    
    
</head>
<body class="system wikit-page">
    <div class="system-container">
        
        <div class="system-content">
            
            <div class="heading">
                <h1 id="title"></h1>
            </div>
            <div class="content">
                
<div class="wikit-scope">
  <div class="app-shell">

    <header class="app-header">
      <a href="/" class="brand">
        <img src="/-/static/images/wikitHana.png?v=577881c2" alt="ProjectWikit">
        <span class="wordmark">ProjectWikit</span>
      </a>
      <span class="divider"></span>
      <span class="path"><b>用户</b><span class="sep">/</span>Probe Author</span>
      <div class="spacer"></div>
    </header>

    <main class="app-main">

      <div class="section-head">
        <div class="kicker-crumb"><b>个人</b><span class="sep">/</span>用户<span class="sep">/</span>30-Probe Author</div>
        <h1 class="h1">个人资料</h1>
      </div>

      <div class="profile-head">
        <div class="avatar-big">
          <img src="/-/static/images/default_avatar.png" alt="Probe Author">
        </div>
        <div class="id">
          <div class="name">
            
              Probe Author
            
          </div>
          
        </div>
        <div class="actions">
          
          
        </div>
      </div>

      <dl class="dl">
        
        
        
        
        <dt>加入时间</dt>
        <dd>
          <span class="odate w-date" data-timestamp="1787568547000" data-format="%b%e日, %Y年 %H:%M" style="display: inline">2026 年 8 月 24 日</span>
        </dd>
      </dl>

      

      
      <section class="profile-section">
        <span class="label">编辑履历</span>
        
        <ul class="feed">
          
          <li>
            <span class="what-line">
              <a class="what" href="/probe:changes">Probe Changes</a>
              <span class="flags"><span class="spantip" title="?">?</span></span>
            </span>
            <span class="when"><span class="odate w-date" data-timestamp="1731422115000" data-format="%b%e日, %Y年 %H:%M" style="display: inline">2024 年 11 月 12 日</span></span>
            <span class="from">Test Wiki<span class="sep">·</span>已回退页面至版本 #1</span>
          </li>
          
          <li>
            <span class="what-line">
              <a class="what" href="/probe:changes">Probe Changes</a>
              
            </span>
            <span class="when"><span class="odate w-date" data-timestamp="1731422055000" data-format="%b%e日, %Y年 %H:%M" style="display: inline">2024 年 11 月 12 日</span></span>
            <span class="from">Test Wiki<span class="sep">·</span>已回退页面至版本 #0</span>
          </li>
          
          <li>
            <span class="what-line">
              <a class="what" href="/probe:changes">Probe Changes</a>
              <span class="flags"><span class="spantip" title="文章内容已更改">S</span><span class="spantip" title="标题已更改">T</span></span>
            </span>
            <span class="when"><span class="odate w-date" data-timestamp="1731421995000" data-format="%b%e日, %Y年 %H:%M" style="display: inline">2024 年 11 月 12 日</span></span>
            <span class="from">Test Wiki<span class="sep">·</span>已回退页面至版本 #2</span>
          </li>
          
          <li>
            <span class="what-line">
              <a class="what" href="/probe:changes">Probe Changes</a>
              <span class="flags"><span class="spantip" title="从Wikidot移植的编辑">W</span></span>
            </span>
            <span class="when"><span class="odate w-date" data-timestamp="1731421935000" data-format="%b%e日, %Y年 %H:%M" style="display: inline">2024 年 11 月 12 日</span></span>
            <span class="from">Test Wiki<span class="sep">·</span>imported from wikidot</span>
          </li>
          
          <li>
            <span class="what-line">
              <a class="what" href="/probe:changes">Probe Changes</a>
              <span class="flags"><span class="spantip" title="作者已更改">C</span></span>
            </span>
            <span class="when"><span class="odate w-date" data-timestamp="1731421875000" data-format="%b%e日, %Y年 %H:%M" style="display: inline">2024 年 11 月 12 日</span></span>
            <span class="from">Test Wiki</span>
          </li>
          
          <li>
            <span class="what-line">
              <a class="what" href="/probe:changes">Probe Changes</a>
              <span class="flags"><span class="spantip" title="作者已更改">C</span></span>
            </span>
            <span class="when"><span class="odate w-date" data-timestamp="1731421815000" data-format="%b%e日, %Y年 %H:%M" style="display: inline">2024 年 11 月 12 日</span></span>
            <span class="from">Test Wiki<span class="sep">·</span>添加作者：probevoter。 移除作者：wd:Probe WD。</span>
          </li>
          
          <li>
            <span class="what-line">
              <a class="what" href="/probe:changes">Probe Changes</a>
              <span class="flags"><span class="spantip" title="作者已更改">C</span></span>
            </span>
            <span class="when"><span class="odate w-date" data-timestamp="1731421755000" data-format="%b%e日, %Y年 %H:%M" style="display: inline">2024 年 11 月 12 日</span></span>
            <span class="from">Test Wiki<span class="sep">·</span>移除作者：wd:Probe WD。</span>
          </li>
          
          <li>
            <span class="what-line">
              <a class="what" href="/probe:changes">Probe Changes</a>
              <span class="flags"><span class="spantip" title="作者已更改">C</span></span>
            </span>
            <span class="when"><span class="odate w-date" data-timestamp="1731421695000" data-format="%b%e日, %Y年 %H:%M" style="display: inline">2024 年 11 月 12 日</span></span>
            <span class="from">Test Wiki<span class="sep">·</span>添加作者：Probe Author, probevoter。</span>
          </li>
          
          <li>
            <span class="what-line">
              <a class="what" href="/probe:changes">Probe Changes</a>
              <span class="flags"><span class="spantip" title="作者已更改">C</span></span>
            </span>
            <span class="when"><span class="odate w-date" data-timestamp="1731421635000" data-format="%b%e日, %Y年 %H:%M" style="display: inline">2024 年 11 月 12 日</span></span>
            <span class="from">Test Wiki<span class="sep">·</span>添加作者：Probe Author。</span>
          </li>
          
          <li>
            <span class="what-line">
              <a class="what" href="/probe:changes">Probe Changes</a>
              <span class="flags"><span class="spantip" title="投票已更改">V</span></span>
            </span>
            <span class="when"><span class="odate w-date" data-timestamp="1731421575000" data-format="%b%e日, %Y年 %H:%M" style="display: inline">2024 年 11 月 12 日</span></span>
            <span class="from">Test Wiki<span class="sep">·</span>已重置页面评分：无（投票数：0，人气：0%）</span>
          </li>
          
        </ul>
        <div class="pager">
                <span class="pager-no">第&nbsp;1&nbsp页; 共&nbsp;4&nbsp;页</span>
                
                
                    
                        <span class="1 target current">1</span>
                    
                
                    
                        <span class="1 target"><a href="/-/users/probe-author?edits=2">2</a></span>
                    
                
                    
                        <span class="1 target"><a href="/-/users/probe-author?edits=3">3</a></span>
                    
                
                
                
                
                
                    
                        <span class="3 target"><a href="/-/users/probe-author?edits=4">4</a></span>
                    
                
                
                    <span class="target"><a href="/-/users/probe-author?edits=2">下一页&nbsp;&raquo;</a></span>
                
            </div>
        
      </section>

      
      <section class="profile-section">
        <span class="label">发帖履历</span>
        
        <ul class="feed">
          
          <li>
            <span class="what-line">
              <a class="what" href="/forum/t-121/probe-deep-thread#post-52">Probe Deep Thread</a>
              
            </span>
            <span class="when"><span class="odate w-date" data-timestamp="1694346373000" data-format="%b%e日, %Y年 %H:%M" style="display: inline">2023 年 9 月 10 日</span></span>
            <span class="from">Test Wiki</span>
          </li>
          
          <li>
            <span class="what-line">
              <a class="what" href="/forum/t-121/probe-deep-thread#post-50">Probe Deep Thread</a>
              
            </span>
            <span class="when"><span class="odate w-date" data-timestamp="1694346253000" data-format="%b%e日, %Y年 %H:%M" style="display: inline">2023 年 9 月 10 日</span></span>
            <span class="from">Test Wiki</span>
          </li>
          
          <li>
            <span class="what-line">
              <a class="what" href="/forum/t-121/probe-deep-thread#post-49">Probe Deep Thread</a>
              
            </span>
            <span class="when"><span class="odate w-date" data-timestamp="1694346193000" data-format="%b%e日, %Y年 %H:%M" style="display: inline">2023 年 9 月 10 日</span></span>
            <span class="from">Test Wiki</span>
          </li>
          
          <li>
            <span class="what-line">
              <a class="what" href="/forum/t-14/probe-full#post-2">Probe Full</a>
              
            </span>
            <span class="when"><span class="odate w-date" data-timestamp="1694346133000" data-format="%b%e日, %Y年 %H:%M" style="display: inline">2023 年 9 月 10 日</span></span>
            <span class="from">Test Wiki</span>
          </li>
          
          <li>
            <span class="what-line">
              <a class="what" href="/forum/t-14/probe-full#post-1">Probe Full</a>
              
            </span>
            <span class="when"><span class="odate w-date" data-timestamp="1694346073000" data-format="%b%e日, %Y年 %H:%M" style="display: inline">2023 年 9 月 10 日</span></span>
            <span class="from">Test Wiki</span>
          </li>
          
          <li>
            <span class="what-line">
              <a class="what" href="/forum/t-17/probe-rated#post-66">Probe Rated</a>
              
            </span>
            <span class="when"><span class="odate w-date" data-timestamp="1694345953000" data-format="%b%e日, %Y年 %H:%M" style="display: inline">2023 年 9 月 10 日</span></span>
            <span class="from">Test Wiki</span>
          </li>
          
          <li>
            <span class="what-line">
              <a class="what" href="/forum/t-120/probe-busy-20#post-48">Probe Busy 20</a>
              
            </span>
            <span class="when"><span class="odate w-date" data-timestamp="1694345893000" data-format="%b%e日, %Y年 %H:%M" style="display: inline">2023 年 9 月 10 日</span></span>
            <span class="from">Test Wiki</span>
          </li>
          
          <li>
            <span class="what-line">
              <a class="what" href="/forum/t-119/probe-busy-19#post-47">Probe Busy 19</a>
              
            </span>
            <span class="when"><span class="odate w-date" data-timestamp="1694345833000" data-format="%b%e日, %Y年 %H:%M" style="display: inline">2023 年 9 月 10 日</span></span>
            <span class="from">Test Wiki</span>
          </li>
          
          <li>
            <span class="what-line">
              <a class="what" href="/forum/t-118/probe-busy-18#post-46">Probe Busy 18</a>
              
            </span>
            <span class="when"><span class="odate w-date" data-timestamp="1694345773000" data-format="%b%e日, %Y年 %H:%M" style="display: inline">2023 年 9 月 10 日</span></span>
            <span class="from">Test Wiki</span>
          </li>
          
          <li>
            <span class="what-line">
              <a class="what" href="/forum/t-117/probe-busy-17#post-45">Probe Busy 17</a>
              
            </span>
            <span class="when"><span class="odate w-date" data-timestamp="1694345713000" data-format="%b%e日, %Y年 %H:%M" style="display: inline">2023 年 9 月 10 日</span></span>
            <span class="from">Test Wiki</span>
          </li>
          
        </ul>
        <div class="pager">
                <span class="pager-no">第&nbsp;1&nbsp页; 共&nbsp;3&nbsp;页</span>
                
                
                    
                        <span class="1 target current">1</span>
                    
                
                    
                        <span class="1 target"><a href="/-/users/probe-author?posts=2">2</a></span>
                    
                
                
                
                
                
                    
                        <span class="3 target"><a href="/-/users/probe-author?posts=3">3</a></span>
                    
                
                
                    <span class="target"><a href="/-/users/probe-author?posts=2">下一页&nbsp;&raquo;</a></span>
                
            </div>
        
      </section>


    </main>

  </div>
</div>

            </div>
        </div>
    </div>
    <div id="w-modals"></div>
</body>
</html>
