200
Content-Type: text/html; charset=utf-8
Cross-Origin-Opener-Policy: same-origin
Date: Mon, 07 Sep 2026 08:06:26 GMT
Referrer-Policy: same-origin
Set-Cookie: pwikit_csrftoken=gb575pxrQ0oLHea8ZlfHckobNPgXB8TQ; Path=/; Max-Age=31536000; SameSite=Lax
Vary: Cookie, Accept-Encoding
X-Content-Type-Options: nosniff
X-Frame-Options: DENY


<!DOCTYPE html>
<html lang="zh-hans">
<head>
    <meta charset="UTF-8">
    <meta name="viewport" content="width=device-width, initial-scale=1.0">
    <title>登录账号 - Test Wiki</title>

    <link rel="stylesheet" type="text/css" href="/-/static/fontawesome/css/all.css?v=fdfed703">
    <link rel="stylesheet" type="text/css" href="/-/static/wikidot-base.css?v=f5447e54">
    <link rel="preconnect" href="https://fonts.googleapis.com">
    <link rel="preconnect" href="https://fonts.gstatic.com" crossorigin>
    <link href="https://fonts.googleapis.com/css2?family=Inter+Tight:wght@400;500;600&family=JetBrains+Mono:wght@400;500&display=swap" rel="stylesheet">

    <script src="/-/static/app.js?v=ff4b1dfc" type="text/javascript"></script>
    <link rel="stylesheet" type="text/css" href="/-/static/system.css?v=23a5007b">
    <link rel="stylesheet" type="text/css" href="/-/static/wikit-tokens.css?v=c274bbb3">
    <link rel="stylesheet" type="text/css" href="/-/static/wikit-shell.css?v=8e298186">
    
    
</head>
<body class="system wikit-page">
    <div class="system-container">
        
        <div class="system-content">
            
            <div class="heading">
                <h1 id="title"></h1>
            </div>
            <div class="content">
                
<div class="wikit-scope">
  <div class="auth-shell">
    <form method="POST" class="auth-column">
      <input type="hidden" name="csrfmiddlewaretoken" value="gb575pxrQ0oLHea8ZlfHckobNPgXB8TQ">

      <div class="auth-mark">
        <img src="/-/static/images/wikitHana.png?v=577881c2" alt="ProjectWikit">
      </div>

      <div class="auth-heading">
        <h1 class="h1">登录账号</h1>
      </div>

      

      <div class="form-block">
        <div class="form-row">
          <label class="label" for="id_username">用户名</label>
          <input type="text" name="username" id="id_username" value="" autocomplete="username" autocapitalize="none" maxlength="150" required autofocus placeholder="username">
        </div>
        <div class="form-row">
          <label class="label" for="id_password">密码</label>
          <input type="password" name="password" id="id_password" autocomplete="current-password" required placeholder="••••••••">
        </div>
      </div>

      <button class="btn-primary" type="submit">登 录</button>

      <div class="action-row">
        <a class="link-muted" href="/-/password_reset">忘记密码</a>
        <div class="action-inline">
          <span class="meta">还没有账号</span>
          <a class="link-muted" href="/-/signup">注册</a>
        </div>
      </div>

    </form>
  </div>
</div>

            </div>
        </div>
    </div>
    <div id="w-modals"></div>
</body>
</html>
