path|a -> "1"
path|A -> "1"
path|missing -> "%%path|missing%%"
path|norender -> "%%path|norender%%"
path| -> "%%path|%%"
path_expr|a -> "\"1\""
path_expr|missing -> "\"%%path_expr|missing%%\""
path_expr|norender -> "null"
path_expr|uni -> "\"\\u4e2d\""
path_expr|q -> "\"x y/z\""
path_url|q -> "x%20y%2Fz"
path_url|missing -> "%25%25path_url%7Cmissing%25%25"
path_url|norender -> ""
path_url|uni -> "%E4%B8%AD"
canonical_url -> "https://wiki.example/main/a/1"
PATH|a -> "%%PATH|a%%"
other -> "%%other%%"
