=== probe-full-anonymous
<div class="w-rate-module page-rate-widget-box" data-page-id="probe:full"><span class="rate-points">评分:&nbsp;<span class="number prw54353">+1</span></span><span class="rateup btn btn-default"><a title="喜欢" href="#">+</a></span><span class="ratedown btn btn-default"><a title="不喜欢" href="#">–</a></span><span class="cancel btn btn-default"><a title="取消" href="#">x</a></span></div>
=== probe-full-probevoter
<div class="w-rate-module page-rate-widget-box" data-page-id="probe:full"><span class="rate-points">评分:&nbsp;<span class="number prw54353">+1</span></span><span class="rateup btn btn-default"><a title="喜欢" href="#">+</a></span><span class="ratedown btn btn-default"><a title="不喜欢" href="#">–</a></span><span class="cancel btn btn-default"><a title="取消" href="#">x</a></span></div>
=== probe-full-probe-author
<div class="w-rate-module page-rate-widget-box" data-page-id="probe:full"><span class="rate-points">评分:&nbsp;<span class="number prw54353">+1</span></span><span class="rateup btn btn-default"><a title="喜欢" href="#">+</a></span><span class="ratedown btn btn-default"><a title="不喜欢" href="#">–</a></span><span class="cancel btn btn-default"><a title="取消" href="#">x</a></span></div>
=== probe-full-probecrowd0
<div class="w-rate-module page-rate-widget-box" data-page-id="probe:full"><span class="rate-points">评分:&nbsp;<span class="number prw54353">+1</span></span><span class="rateup btn btn-default"><a title="喜欢" href="#">+</a></span><span class="ratedown btn btn-default"><a title="不喜欢" href="#">–</a></span><span class="cancel btn btn-default"><a title="取消" href="#">x</a></span></div>
=== probe-half-anonymous
<div class="w-rate-module page-rate-widget-box" data-page-id="probe:half"><span class="rate-points">评分:&nbsp;<span class="number prw54353">-6</span></span><span class="rateup btn btn-default"><a title="喜欢" href="#">+</a></span><span class="ratedown btn btn-default"><a title="不喜欢" href="#">–</a></span><span class="cancel btn btn-default"><a title="取消" href="#">x</a></span></div>
=== probe-half-probevoter
<div class="w-rate-module page-rate-widget-box" data-page-id="probe:half"><span class="rate-points">评分:&nbsp;<span class="number prw54353">-6</span></span><span class="rateup btn btn-default"><a title="喜欢" href="#">+</a></span><span class="ratedown btn btn-default"><a title="不喜欢" href="#">–</a></span><span class="cancel btn btn-default"><a title="取消" href="#">x</a></span></div>
=== probe-half-probe-author
<div class="w-rate-module page-rate-widget-box" data-page-id="probe:half"><span class="rate-points">评分:&nbsp;<span class="number prw54353">-6</span></span><span class="rateup btn btn-default"><a title="喜欢" href="#">+</a></span><span class="ratedown btn btn-default"><a title="不喜欢" href="#">–</a></span><span class="cancel btn btn-default"><a title="取消" href="#">x</a></span></div>
=== probe-half-probecrowd0
<div class="w-rate-module page-rate-widget-box" data-page-id="probe:half"><span class="rate-points">评分:&nbsp;<span class="number prw54353">-6</span></span><span class="rateup btn btn-default"><a title="喜欢" href="#">+</a></span><span class="ratedown btn btn-default"><a title="不喜欢" href="#">–</a></span><span class="cancel btn btn-default"><a title="取消" href="#">x</a></span></div>
=== probe-bare-anonymous
<div class="w-rate-module page-rate-widget-box" data-page-id="probe:bare"><span class="rate-points">评分:&nbsp;<span class="number prw54353">+0</span></span><span class="rateup btn btn-default"><a title="喜欢" href="#">+</a></span><span class="ratedown btn btn-default"><a title="不喜欢" href="#">–</a></span><span class="cancel btn btn-default"><a title="取消" href="#">x</a></span></div>
=== probe-bare-probevoter
<div class="w-rate-module page-rate-widget-box" data-page-id="probe:bare"><span class="rate-points">评分:&nbsp;<span class="number prw54353">+0</span></span><span class="rateup btn btn-default"><a title="喜欢" href="#">+</a></span><span class="ratedown btn btn-default"><a title="不喜欢" href="#">–</a></span><span class="cancel btn btn-default"><a title="取消" href="#">x</a></span></div>
=== probe-bare-probe-author
<div class="w-rate-module page-rate-widget-box" data-page-id="probe:bare"><span class="rate-points">评分:&nbsp;<span class="number prw54353">+0</span></span><span class="rateup btn btn-default"><a title="喜欢" href="#">+</a></span><span class="ratedown btn btn-default"><a title="不喜欢" href="#">–</a></span><span class="cancel btn btn-default"><a title="取消" href="#">x</a></span></div>
=== probe-bare-probecrowd0
<div class="w-rate-module page-rate-widget-box" data-page-id="probe:bare"><span class="rate-points">评分:&nbsp;<span class="number prw54353">+0</span></span><span class="rateup btn btn-default"><a title="喜欢" href="#">+</a></span><span class="ratedown btn btn-default"><a title="不喜欢" href="#">–</a></span><span class="cancel btn btn-default"><a title="取消" href="#">x</a></span></div>
=== probestars-rated-anonymous
<div class="w-stars-rate-module" data-page-id="probestars:rated"><div class="w-stars-rate-rating">评分:&nbsp;<span class="w-stars-rate-number">4.5</span></div><div class="w-stars-rate-control"><div class="w-stars-rate-stars-wrapper"><div class="w-stars-rate-stars-view" style="width: 90%; --rated-var: #4e6b6b"></div></div><div class="w-stars-rate-cancel"></div></div><div class="w-stars-rate-votes"><span class="w-stars-rate-number" title="评分数">2</span>/<span class="w-stars-rate-popularity" title="人气值（3.0分及以上评分占比）">100</span>%</div></div>
=== probestars-rated-probevoter
<div class="w-stars-rate-module" data-page-id="probestars:rated"><div class="w-stars-rate-rating">评分:&nbsp;<span class="w-stars-rate-number">4.5</span></div><div class="w-stars-rate-control"><div class="w-stars-rate-stars-wrapper"><div class="w-stars-rate-stars-view" style="width: 90%; --rated-var: #f0ac00"></div></div><div class="w-stars-rate-cancel"></div></div><div class="w-stars-rate-votes"><span class="w-stars-rate-number" title="评分数">2</span>/<span class="w-stars-rate-popularity" title="人气值（3.0分及以上评分占比）">100</span>%</div></div>
=== probestars-rated-probe-author
<div class="w-stars-rate-module" data-page-id="probestars:rated"><div class="w-stars-rate-rating">评分:&nbsp;<span class="w-stars-rate-number">4.5</span></div><div class="w-stars-rate-control"><div class="w-stars-rate-stars-wrapper"><div class="w-stars-rate-stars-view" style="width: 90%; --rated-var: #f0ac00"></div></div><div class="w-stars-rate-cancel"></div></div><div class="w-stars-rate-votes"><span class="w-stars-rate-number" title="评分数">2</span>/<span class="w-stars-rate-popularity" title="人气值（3.0分及以上评分占比）">100</span>%</div></div>
=== probestars-rated-probecrowd0
<div class="w-stars-rate-module" data-page-id="probestars:rated"><div class="w-stars-rate-rating">评分:&nbsp;<span class="w-stars-rate-number">4.5</span></div><div class="w-stars-rate-control"><div class="w-stars-rate-stars-wrapper"><div class="w-stars-rate-stars-view" style="width: 90%; --rated-var: #4e6b6b"></div></div><div class="w-stars-rate-cancel"></div></div><div class="w-stars-rate-votes"><span class="w-stars-rate-number" title="评分数">2</span>/<span class="w-stars-rate-popularity" title="人气值（3.0分及以上评分占比）">100</span>%</div></div>
=== probestars-unrated-anonymous
<div class="w-stars-rate-module" data-page-id="probestars:unrated"><div class="w-stars-rate-rating">评分:&nbsp;<span class="w-stars-rate-number">—</span></div><div class="w-stars-rate-control"><div class="w-stars-rate-stars-wrapper"><div class="w-stars-rate-stars-view" style="width: 0%; --rated-var: #4e6b6b"></div></div><div class="w-stars-rate-cancel"></div></div><div class="w-stars-rate-votes"><span class="w-stars-rate-number" title="评分数">0</span>/<span class="w-stars-rate-popularity" title="人气值（3.0分及以上评分占比）">0</span>%</div></div>
=== probestars-unrated-probevoter
<div class="w-stars-rate-module" data-page-id="probestars:unrated"><div class="w-stars-rate-rating">评分:&nbsp;<span class="w-stars-rate-number">—</span></div><div class="w-stars-rate-control"><div class="w-stars-rate-stars-wrapper"><div class="w-stars-rate-stars-view" style="width: 0%; --rated-var: #4e6b6b"></div></div><div class="w-stars-rate-cancel"></div></div><div class="w-stars-rate-votes"><span class="w-stars-rate-number" title="评分数">0</span>/<span class="w-stars-rate-popularity" title="人气值（3.0分及以上评分占比）">0</span>%</div></div>
=== probestars-unrated-probe-author
<div class="w-stars-rate-module" data-page-id="probestars:unrated"><div class="w-stars-rate-rating">评分:&nbsp;<span class="w-stars-rate-number">—</span></div><div class="w-stars-rate-control"><div class="w-stars-rate-stars-wrapper"><div class="w-stars-rate-stars-view" style="width: 0%; --rated-var: #4e6b6b"></div></div><div class="w-stars-rate-cancel"></div></div><div class="w-stars-rate-votes"><span class="w-stars-rate-number" title="评分数">0</span>/<span class="w-stars-rate-popularity" title="人气值（3.0分及以上评分占比）">0</span>%</div></div>
=== probestars-unrated-probecrowd0
<div class="w-stars-rate-module" data-page-id="probestars:unrated"><div class="w-stars-rate-rating">评分:&nbsp;<span class="w-stars-rate-number">—</span></div><div class="w-stars-rate-control"><div class="w-stars-rate-stars-wrapper"><div class="w-stars-rate-stars-view" style="width: 0%; --rated-var: #4e6b6b"></div></div><div class="w-stars-rate-cancel"></div></div><div class="w-stars-rate-votes"><span class="w-stars-rate-number" title="评分数">0</span>/<span class="w-stars-rate-popularity" title="人气值（3.0分及以上评分占比）">0</span>%</div></div>
=== probestars-third-anonymous
<div class="w-stars-rate-module" data-page-id="probestars:third"><div class="w-stars-rate-rating">评分:&nbsp;<span class="w-stars-rate-number">3.3</span></div><div class="w-stars-rate-control"><div class="w-stars-rate-stars-wrapper"><div class="w-stars-rate-stars-view" style="width: 66%; --rated-var: #4e6b6b"></div></div><div class="w-stars-rate-cancel"></div></div><div class="w-stars-rate-votes"><span class="w-stars-rate-number" title="评分数">3</span>/<span class="w-stars-rate-popularity" title="人气值（3.0分及以上评分占比）">100</span>%</div></div>
=== probestars-third-probevoter
<div class="w-stars-rate-module" data-page-id="probestars:third"><div class="w-stars-rate-rating">评分:&nbsp;<span class="w-stars-rate-number">3.3</span></div><div class="w-stars-rate-control"><div class="w-stars-rate-stars-wrapper"><div class="w-stars-rate-stars-view" style="width: 66%; --rated-var: #f0ac00"></div></div><div class="w-stars-rate-cancel"></div></div><div class="w-stars-rate-votes"><span class="w-stars-rate-number" title="评分数">3</span>/<span class="w-stars-rate-popularity" title="人气值（3.0分及以上评分占比）">100</span>%</div></div>
=== probestars-third-probe-author
<div class="w-stars-rate-module" data-page-id="probestars:third"><div class="w-stars-rate-rating">评分:&nbsp;<span class="w-stars-rate-number">3.3</span></div><div class="w-stars-rate-control"><div class="w-stars-rate-stars-wrapper"><div class="w-stars-rate-stars-view" style="width: 66%; --rated-var: #f0ac00"></div></div><div class="w-stars-rate-cancel"></div></div><div class="w-stars-rate-votes"><span class="w-stars-rate-number" title="评分数">3</span>/<span class="w-stars-rate-popularity" title="人气值（3.0分及以上评分占比）">100</span>%</div></div>
=== probestars-third-probecrowd0
<div class="w-stars-rate-module" data-page-id="probestars:third"><div class="w-stars-rate-rating">评分:&nbsp;<span class="w-stars-rate-number">3.3</span></div><div class="w-stars-rate-control"><div class="w-stars-rate-stars-wrapper"><div class="w-stars-rate-stars-view" style="width: 66%; --rated-var: #4e6b6b"></div></div><div class="w-stars-rate-cancel"></div></div><div class="w-stars-rate-votes"><span class="w-stars-rate-number" title="评分数">3</span>/<span class="w-stars-rate-popularity" title="人气值（3.0分及以上评分占比）">100</span>%</div></div>
=== probestars-quarter-anonymous
<div class="w-stars-rate-module" data-page-id="probestars:quarter"><div class="w-stars-rate-rating">评分:&nbsp;<span class="w-stars-rate-number">0.8</span></div><div class="w-stars-rate-control"><div class="w-stars-rate-stars-wrapper"><div class="w-stars-rate-stars-view" style="width: 16%; --rated-var: #4e6b6b"></div></div><div class="w-stars-rate-cancel"></div></div><div class="w-stars-rate-votes"><span class="w-stars-rate-number" title="评分数">2</span>/<span class="w-stars-rate-popularity" title="人气值（3.0分及以上评分占比）">0</span>%</div></div>
=== probestars-quarter-probevoter
<div class="w-stars-rate-module" data-page-id="probestars:quarter"><div class="w-stars-rate-rating">评分:&nbsp;<span class="w-stars-rate-number">0.8</span></div><div class="w-stars-rate-control"><div class="w-stars-rate-stars-wrapper"><div class="w-stars-rate-stars-view" style="width: 16%; --rated-var: #f0ac00"></div></div><div class="w-stars-rate-cancel"></div></div><div class="w-stars-rate-votes"><span class="w-stars-rate-number" title="评分数">2</span>/<span class="w-stars-rate-popularity" title="人气值（3.0分及以上评分占比）">0</span>%</div></div>
=== probestars-quarter-probe-author
<div class="w-stars-rate-module" data-page-id="probestars:quarter"><div class="w-stars-rate-rating">评分:&nbsp;<span class="w-stars-rate-number">0.8</span></div><div class="w-stars-rate-control"><div class="w-stars-rate-stars-wrapper"><div class="w-stars-rate-stars-view" style="width: 16%; --rated-var: #f0ac00"></div></div><div class="w-stars-rate-cancel"></div></div><div class="w-stars-rate-votes"><span class="w-stars-rate-number" title="评分数">2</span>/<span class="w-stars-rate-popularity" title="人气值（3.0分及以上评分占比）">0</span>%</div></div>
=== probestars-quarter-probecrowd0
<div class="w-stars-rate-module" data-page-id="probestars:quarter"><div class="w-stars-rate-rating">评分:&nbsp;<span class="w-stars-rate-number">0.8</span></div><div class="w-stars-rate-control"><div class="w-stars-rate-stars-wrapper"><div class="w-stars-rate-stars-view" style="width: 16%; --rated-var: #4e6b6b"></div></div><div class="w-stars-rate-cancel"></div></div><div class="w-stars-rate-votes"><span class="w-stars-rate-number" title="评分数">2</span>/<span class="w-stars-rate-popularity" title="人气值（3.0分及以上评分占比）">0</span>%</div></div>
=== probeoff-unratable-anonymous

=== probeoff-unratable-probevoter

=== probeoff-unratable-probe-author

=== probeoff-unratable-probecrowd0

