=== anonymous reader
{"optionsEnabled": true, "editable": false, "lockable": false, "tagable": false, "pageId": "main", "rating": 1, "ratingMode": "updown", "ratingVotes": 3, "ratingPopularity": 67, "pathParams": {}, "canRate": false, "canComment": false, "canViewComments": true, "commentThread": "/main/comments/show", "commentCount": 0, "canDelete": false, "canCreateTags": false, "canManageFiles": false, "canRename": false, "canCreateHere": false, "canManageAuthors": false, "canResetVotes": false, "canWatch": false, "preferences": {}, "isWatching": false, "favourites": 0, "isFavourited": false}
=== signed in member
{"optionsEnabled": true, "editable": false, "lockable": false, "tagable": false, "pageId": "main", "rating": 1, "ratingMode": "updown", "ratingVotes": 3, "ratingPopularity": 67, "pathParams": {}, "canRate": true, "canComment": true, "canViewComments": true, "commentThread": "/forum/t-1201/main", "commentCount": 4, "canDelete": false, "canCreateTags": false, "canManageFiles": false, "canRename": false, "canCreateHere": false, "canManageAuthors": false, "canResetVotes": false, "canWatch": true, "preferences": {"qol__advanced_source_editor_enabled": false}, "isWatching": false, "favourites": 0, "isFavourited": false}
=== editor
{"optionsEnabled": true, "editable": true, "lockable": true, "tagable": true, "pageId": "scp-173", "rating": 2, "ratingMode": "updown", "ratingVotes": 4, "ratingPopularity": 75, "pathParams": {}, "canRate": true, "canComment": true, "canViewComments": true, "commentThread": "/forum/t-1202/scp-173", "commentCount": 1, "canDelete": true, "canCreateTags": true, "canManageFiles": true, "canRename": true, "canCreateHere": true, "canManageAuthors": true, "canResetVotes": true, "canWatch": true, "preferences": {"qol__advanced_source_editor_enabled": false}, "isWatching": false, "favourites": 0, "isFavourited": false}
=== superuser on a locked page
{"optionsEnabled": true, "editable": true, "lockable": true, "tagable": true, "pageId": "main", "rating": 0, "ratingMode": "updown", "ratingVotes": 0, "ratingPopularity": 0, "pathParams": {}, "canRate": true, "canComment": true, "canViewComments": true, "commentThread": "/main/comments/show", "commentCount": 0, "canDelete": true, "canCreateTags": false, "canManageFiles": true, "canRename": true, "canCreateHere": true, "canManageAuthors": true, "canResetVotes": true, "canWatch": true, "preferences": {"qol__advanced_source_editor_enabled": false}, "isWatching": false, "favourites": 0, "isFavourited": false}
=== author of a page
{"optionsEnabled": true, "editable": false, "lockable": false, "tagable": false, "pageId": "main", "rating": 0, "ratingMode": "updown", "ratingVotes": 0, "ratingPopularity": 0, "pathParams": {}, "canRate": true, "canComment": true, "canViewComments": true, "commentThread": "/main/comments/show", "commentCount": 0, "canDelete": false, "canCreateTags": false, "canManageFiles": false, "canRename": false, "canCreateHere": false, "canManageAuthors": true, "canResetVotes": false, "canWatch": true, "preferences": {"qol__advanced_source_editor_enabled": false}, "isWatching": false, "favourites": 0, "isFavourited": false}
=== inactive user
{"optionsEnabled": true, "editable": false, "lockable": false, "tagable": false, "pageId": "main", "rating": 0, "ratingMode": "updown", "ratingVotes": 0, "ratingPopularity": 0, "pathParams": {}, "canRate": false, "canComment": false, "canViewComments": false, "commentThread": "/main/comments/show", "commentCount": 0, "canDelete": false, "canCreateTags": false, "canManageFiles": false, "canRename": false, "canCreateHere": false, "canManageAuthors": false, "canResetVotes": false, "canWatch": true, "preferences": {"qol__advanced_source_editor_enabled": false}, "isWatching": false, "favourites": 0, "isFavourited": false}
=== missing page
{"optionsEnabled": false, "editable": false, "lockable": false, "tagable": false, "pageId": "no-such-page", "rating": 0, "ratingMode": "disabled", "ratingVotes": 0, "ratingPopularity": 0, "pathParams": {}, "canRate": false, "canComment": false, "canViewComments": false, "commentThread": null, "commentCount": 0, "canDelete": false, "canCreateTags": false, "canManageFiles": false, "canRename": false, "canCreateHere": false, "canManageAuthors": false, "canResetVotes": false, "canWatch": false, "preferences": {}, "isWatching": false, "favourites": 0, "isFavourited": false}
=== stars
{"optionsEnabled": true, "editable": false, "lockable": false, "tagable": false, "pageId": "probestars:rated", "rating": 4.5, "ratingMode": "stars", "ratingVotes": 2, "ratingPopularity": 100, "pathParams": {}, "canRate": false, "canComment": false, "canViewComments": true, "commentThread": "/probestars:rated/comments/show", "commentCount": 0, "canDelete": false, "canCreateTags": false, "canManageFiles": false, "canRename": false, "canCreateHere": false, "canManageAuthors": false, "canResetVotes": false, "canWatch": false, "preferences": {}, "isWatching": false, "favourites": 0, "isFavourited": false}
=== stars without votes
{"optionsEnabled": true, "editable": false, "lockable": false, "tagable": false, "pageId": "probestars:rated", "rating": 0.0, "ratingMode": "stars", "ratingVotes": 0, "ratingPopularity": 0, "pathParams": {}, "canRate": false, "canComment": false, "canViewComments": true, "commentThread": "/probestars:rated/comments/show", "commentCount": 0, "canDelete": false, "canCreateTags": false, "canManageFiles": false, "canRename": false, "canCreateHere": false, "canManageAuthors": false, "canResetVotes": false, "canWatch": false, "preferences": {}, "isWatching": false, "favourites": 0, "isFavourited": false}
=== stars rounding to a whole number
{"optionsEnabled": true, "editable": false, "lockable": false, "tagable": false, "pageId": "probestars:rated", "rating": 4.0, "ratingMode": "stars", "ratingVotes": 2, "ratingPopularity": 100, "pathParams": {}, "canRate": false, "canComment": false, "canViewComments": true, "commentThread": "/probestars:rated/comments/show", "commentCount": 0, "canDelete": false, "canCreateTags": false, "canManageFiles": false, "canRename": false, "canCreateHere": false, "canManageAuthors": false, "canResetVotes": false, "canWatch": false, "preferences": {}, "isWatching": false, "favourites": 0, "isFavourited": false}
=== rating disabled
{"optionsEnabled": true, "editable": false, "lockable": false, "tagable": false, "pageId": "main", "rating": 0, "ratingMode": "disabled", "ratingVotes": 0, "ratingPopularity": 0, "pathParams": {}, "canRate": false, "canComment": false, "canViewComments": true, "commentThread": "/main/comments/show", "commentCount": 0, "canDelete": false, "canCreateTags": false, "canManageFiles": false, "canRename": false, "canCreateHere": false, "canManageAuthors": false, "canResetVotes": false, "canWatch": false, "preferences": {}, "isWatching": false, "favourites": 0, "isFavourited": false}
=== path params
{"optionsEnabled": true, "editable": false, "lockable": false, "tagable": false, "pageId": "main", "rating": 0, "ratingMode": "updown", "ratingVotes": 0, "ratingPopularity": 0, "pathParams": {"offset": "20", "tag": "\u4e2d\u6587", "bare": null}, "canRate": false, "canComment": false, "canViewComments": true, "commentThread": "/main/comments/show", "commentCount": 0, "canDelete": false, "canCreateTags": false, "canManageFiles": false, "canRename": false, "canCreateHere": false, "canManageAuthors": false, "canResetVotes": false, "canWatch": false, "preferences": {}, "isWatching": false, "favourites": 0, "isFavourited": false}
=== watching
{"optionsEnabled": true, "editable": false, "lockable": false, "tagable": false, "pageId": "main", "rating": 0, "ratingMode": "updown", "ratingVotes": 0, "ratingPopularity": 0, "pathParams": {}, "canRate": true, "canComment": true, "canViewComments": true, "commentThread": "/main/comments/show", "commentCount": 0, "canDelete": false, "canCreateTags": false, "canManageFiles": false, "canRename": false, "canCreateHere": false, "canManageAuthors": false, "canResetVotes": false, "canWatch": true, "preferences": {"qol__advanced_source_editor_enabled": false}, "isWatching": true, "favourites": 0, "isFavourited": false}
=== advanced source editor
{"optionsEnabled": true, "editable": false, "lockable": false, "tagable": false, "pageId": "main", "rating": 0, "ratingMode": "updown", "ratingVotes": 0, "ratingPopularity": 0, "pathParams": {}, "canRate": true, "canComment": true, "canViewComments": true, "commentThread": "/main/comments/show", "commentCount": 0, "canDelete": false, "canCreateTags": false, "canManageFiles": false, "canRename": false, "canCreateHere": false, "canManageAuthors": false, "canResetVotes": false, "canWatch": true, "preferences": {"qol__advanced_source_editor_enabled": true}, "isWatching": false, "favourites": 0, "isFavourited": false}
=== only view_articles
{"optionsEnabled": true, "editable": false, "lockable": false, "tagable": false, "pageId": "main", "rating": 0, "ratingMode": "updown", "ratingVotes": 0, "ratingPopularity": 0, "pathParams": {}, "canRate": false, "canComment": false, "canViewComments": false, "commentThread": "/main/comments/show", "commentCount": 0, "canDelete": false, "canCreateTags": false, "canManageFiles": false, "canRename": false, "canCreateHere": false, "canManageAuthors": false, "canResetVotes": false, "canWatch": true, "preferences": {"qol__advanced_source_editor_enabled": false}, "isWatching": false, "favourites": 0, "isFavourited": false}
=== only rate_articles
{"optionsEnabled": true, "editable": false, "lockable": false, "tagable": false, "pageId": "main", "rating": 0, "ratingMode": "updown", "ratingVotes": 0, "ratingPopularity": 0, "pathParams": {}, "canRate": true, "canComment": false, "canViewComments": false, "commentThread": "/main/comments/show", "commentCount": 0, "canDelete": false, "canCreateTags": false, "canManageFiles": false, "canRename": false, "canCreateHere": false, "canManageAuthors": false, "canResetVotes": false, "canWatch": true, "preferences": {"qol__advanced_source_editor_enabled": false}, "isWatching": false, "favourites": 0, "isFavourited": false}
=== only create_articles
{"optionsEnabled": true, "editable": false, "lockable": false, "tagable": false, "pageId": "main", "rating": 0, "ratingMode": "updown", "ratingVotes": 0, "ratingPopularity": 0, "pathParams": {}, "canRate": false, "canComment": false, "canViewComments": false, "commentThread": "/main/comments/show", "commentCount": 0, "canDelete": false, "canCreateTags": false, "canManageFiles": false, "canRename": false, "canCreateHere": true, "canManageAuthors": false, "canResetVotes": false, "canWatch": true, "preferences": {"qol__advanced_source_editor_enabled": false}, "isWatching": false, "favourites": 0, "isFavourited": false}
=== only edit_articles
{"optionsEnabled": true, "editable": true, "lockable": false, "tagable": false, "pageId": "main", "rating": 0, "ratingMode": "updown", "ratingVotes": 0, "ratingPopularity": 0, "pathParams": {}, "canRate": false, "canComment": false, "canViewComments": false, "commentThread": "/main/comments/show", "commentCount": 0, "canDelete": false, "canCreateTags": false, "canManageFiles": false, "canRename": false, "canCreateHere": false, "canManageAuthors": false, "canResetVotes": false, "canWatch": true, "preferences": {"qol__advanced_source_editor_enabled": false}, "isWatching": false, "favourites": 0, "isFavourited": false}
=== only tag_articles
{"optionsEnabled": true, "editable": false, "lockable": false, "tagable": true, "pageId": "main", "rating": 0, "ratingMode": "updown", "ratingVotes": 0, "ratingPopularity": 0, "pathParams": {}, "canRate": false, "canComment": false, "canViewComments": false, "commentThread": "/main/comments/show", "commentCount": 0, "canDelete": false, "canCreateTags": false, "canManageFiles": false, "canRename": false, "canCreateHere": false, "canManageAuthors": false, "canResetVotes": false, "canWatch": true, "preferences": {"qol__advanced_source_editor_enabled": false}, "isWatching": false, "favourites": 0, "isFavourited": false}
=== only move_articles
{"optionsEnabled": true, "editable": false, "lockable": false, "tagable": false, "pageId": "main", "rating": 0, "ratingMode": "updown", "ratingVotes": 0, "ratingPopularity": 0, "pathParams": {}, "canRate": false, "canComment": false, "canViewComments": false, "commentThread": "/main/comments/show", "commentCount": 0, "canDelete": false, "canCreateTags": false, "canManageFiles": false, "canRename": true, "canCreateHere": false, "canManageAuthors": false, "canResetVotes": false, "canWatch": true, "preferences": {"qol__advanced_source_editor_enabled": false}, "isWatching": false, "favourites": 0, "isFavourited": false}
=== only lock_articles
{"optionsEnabled": true, "editable": false, "lockable": true, "tagable": false, "pageId": "main", "rating": 0, "ratingMode": "updown", "ratingVotes": 0, "ratingPopularity": 0, "pathParams": {}, "canRate": false, "canComment": false, "canViewComments": false, "commentThread": "/main/comments/show", "commentCount": 0, "canDelete": false, "canCreateTags": false, "canManageFiles": false, "canRename": false, "canCreateHere": false, "canManageAuthors": false, "canResetVotes": false, "canWatch": true, "preferences": {"qol__advanced_source_editor_enabled": false}, "isWatching": false, "favourites": 0, "isFavourited": false}
=== only manage_article_files
{"optionsEnabled": true, "editable": false, "lockable": false, "tagable": false, "pageId": "main", "rating": 0, "ratingMode": "updown", "ratingVotes": 0, "ratingPopularity": 0, "pathParams": {}, "canRate": false, "canComment": false, "canViewComments": false, "commentThread": "/main/comments/show", "commentCount": 0, "canDelete": false, "canCreateTags": false, "canManageFiles": true, "canRename": false, "canCreateHere": false, "canManageAuthors": false, "canResetVotes": false, "canWatch": true, "preferences": {"qol__advanced_source_editor_enabled": false}, "isWatching": false, "favourites": 0, "isFavourited": false}
=== only delete_articles
{"optionsEnabled": true, "editable": false, "lockable": false, "tagable": false, "pageId": "main", "rating": 0, "ratingMode": "updown", "ratingVotes": 0, "ratingPopularity": 0, "pathParams": {}, "canRate": false, "canComment": false, "canViewComments": false, "commentThread": "/main/comments/show", "commentCount": 0, "canDelete": true, "canCreateTags": false, "canManageFiles": false, "canRename": false, "canCreateHere": false, "canManageAuthors": false, "canResetVotes": false, "canWatch": true, "preferences": {"qol__advanced_source_editor_enabled": false}, "isWatching": false, "favourites": 0, "isFavourited": false}
=== only reset_article_votes
{"optionsEnabled": true, "editable": false, "lockable": false, "tagable": false, "pageId": "main", "rating": 0, "ratingMode": "updown", "ratingVotes": 0, "ratingPopularity": 0, "pathParams": {}, "canRate": false, "canComment": false, "canViewComments": false, "commentThread": "/main/comments/show", "commentCount": 0, "canDelete": false, "canCreateTags": false, "canManageFiles": false, "canRename": false, "canCreateHere": false, "canManageAuthors": false, "canResetVotes": true, "canWatch": true, "preferences": {"qol__advanced_source_editor_enabled": false}, "isWatching": false, "favourites": 0, "isFavourited": false}
=== only comment_articles
{"optionsEnabled": true, "editable": false, "lockable": false, "tagable": false, "pageId": "main", "rating": 0, "ratingMode": "updown", "ratingVotes": 0, "ratingPopularity": 0, "pathParams": {}, "canRate": false, "canComment": true, "canViewComments": false, "commentThread": "/main/comments/show", "commentCount": 0, "canDelete": false, "canCreateTags": false, "canManageFiles": false, "canRename": false, "canCreateHere": false, "canManageAuthors": false, "canResetVotes": false, "canWatch": true, "preferences": {"qol__advanced_source_editor_enabled": false}, "isWatching": false, "favourites": 0, "isFavourited": false}
=== only view_article_comments
{"optionsEnabled": true, "editable": false, "lockable": false, "tagable": false, "pageId": "main", "rating": 0, "ratingMode": "updown", "ratingVotes": 0, "ratingPopularity": 0, "pathParams": {}, "canRate": false, "canComment": false, "canViewComments": true, "commentThread": "/main/comments/show", "commentCount": 0, "canDelete": false, "canCreateTags": false, "canManageFiles": false, "canRename": false, "canCreateHere": false, "canManageAuthors": false, "canResetVotes": false, "canWatch": true, "preferences": {"qol__advanced_source_editor_enabled": false}, "isWatching": false, "favourites": 0, "isFavourited": false}
=== only manage_article_authors
{"optionsEnabled": true, "editable": false, "lockable": false, "tagable": false, "pageId": "main", "rating": 0, "ratingMode": "updown", "ratingVotes": 0, "ratingPopularity": 0, "pathParams": {}, "canRate": false, "canComment": false, "canViewComments": false, "commentThread": "/main/comments/show", "commentCount": 0, "canDelete": false, "canCreateTags": false, "canManageFiles": false, "canRename": false, "canCreateHere": false, "canManageAuthors": true, "canResetVotes": false, "canWatch": true, "preferences": {"qol__advanced_source_editor_enabled": false}, "isWatching": false, "favourites": 0, "isFavourited": false}
