=== chat
title: [module-forum-new-thread]
status: 200
!error: [module-forumnewthread-forbidden]
=== chat-signed-in
title: [module-forum-new-thread]
status: 200
!error: [module-forumnewthread-forbidden]
=== chat-superuser
title: [module-forum-new-thread]
status: 200
<div class="forum-new-thread-box">
            <div class="forum-breadcrumbs">
                <a href="/forum/start">[module-forum-title]</a>
                &raquo;
                <a href="/forum/c-55/probe-chat">Probe Open / Probe Chat</a>
                &raquo;
                [module-forum-new-thread]
            </div>
            <div class="description well">
                <div class="statistics">
                    [module-forum-threads]3
                    <br>
                    [module-forum-posts]6
                </div>
                ordinary threads
            </div>
        </div>
        <div class="w-forum-new-thread" data-config="{&quot;categoryId&quot;: 55, &quot;user&quot;: {&quot;type&quot;: &quot;normal&quot;, &quot;id&quot;: 188, &quot;name&quot;: &quot;Probe Staff&quot;, &quot;username&quot;: &quot;probe-staff&quot;, &quot;urlName&quot;: &quot;probe-staff&quot;, &quot;isActive&quot;: true, &quot;avatar&quot;: null, &quot;showAvatar&quot;: true, &quot;admin&quot;: true, &quot;staff&quot;: true, &quot;editor&quot;: true, &quot;roles&quot;: []}, &quot;cancelUrl&quot;: &quot;/forum/c-55/probe-chat&quot;}"></div>
=== empty
title: [module-forum-new-thread]
status: 200
!error: [module-forumnewthread-forbidden]
=== comments
title: [module-forum-new-thread]
status: 200
!error: [module-forumnewthread-forbidden]
=== hidden-section-category
title: [module-forum-new-thread]
status: 200
!error: [module-forumnewthread-forbidden]
=== hidden-section-superuser
title: [module-forum-new-thread]
status: 200
<div class="forum-new-thread-box">
            <div class="forum-breadcrumbs">
                <a href="/forum/start">[module-forum-title]</a>
                &raquo;
                <a href="/forum/c-58/probe-hidden-chat">Probe Hidden / Probe Hidden Chat</a>
                &raquo;
                [module-forum-new-thread]
            </div>
            <div class="description well">
                <div class="statistics">
                    [module-forum-threads]0
                    <br>
                    [module-forum-posts]0
                </div>
                inside the hidden section
            </div>
        </div>
        <div class="w-forum-new-thread" data-config="{&quot;categoryId&quot;: 58, &quot;user&quot;: {&quot;type&quot;: &quot;normal&quot;, &quot;id&quot;: 188, &quot;name&quot;: &quot;Probe Staff&quot;, &quot;username&quot;: &quot;probe-staff&quot;, &quot;urlName&quot;: &quot;probe-staff&quot;, &quot;isActive&quot;: true, &quot;avatar&quot;: null, &quot;showAvatar&quot;: true, &quot;admin&quot;: true, &quot;staff&quot;: true, &quot;editor&quot;: true, &quot;roles&quot;: []}, &quot;cancelUrl&quot;: &quot;/forum/c-58/probe-hidden-chat&quot;}"></div>
=== comments-superuser
title: [module-forum-new-thread]
status: 200
<div class="forum-new-thread-box">
            <div class="forum-breadcrumbs">
                <a href="/forum/start">[module-forum-title]</a>
                &raquo;
                <a href="/forum/c-56/probe-comments">Probe Open / Probe Comments</a>
                &raquo;
                [module-forum-new-thread]
            </div>
            <div class="description well">
                <div class="statistics">
                    [module-forum-threads]0
                    <br>
                    [module-forum-posts]0
                </div>
                article comments
            </div>
        </div>
        <div class="w-forum-new-thread" data-config="{&quot;categoryId&quot;: 56, &quot;user&quot;: {&quot;type&quot;: &quot;normal&quot;, &quot;id&quot;: 188, &quot;name&quot;: &quot;Probe Staff&quot;, &quot;username&quot;: &quot;probe-staff&quot;, &quot;urlName&quot;: &quot;probe-staff&quot;, &quot;isActive&quot;: true, &quot;avatar&quot;: null, &quot;showAvatar&quot;: true, &quot;admin&quot;: true, &quot;staff&quot;: true, &quot;editor&quot;: true, &quot;roles&quot;: []}, &quot;cancelUrl&quot;: &quot;/forum/c-56/probe-comments&quot;}"></div>
=== missing
title: [module-forum-new-thread]
status: 404
!error: [module-forum-not-found name=999999]
=== unparsable
title: [module-forum-new-thread]
status: 404
!error: [module-forum-not-found name=not-a-number]
=== padded-id
title: [module-forum-new-thread]
status: 404
!error: [module-forum-not-found name=999999]
=== no-parameter
title: [module-forum-new-thread]
status: 404
!error: [module-forum-not-found name=None]
