=== anonymous
title: [module-forumstart-title]
status: 200
<div class="forum-start-box">
            
                <div class="forum-breadcrumbs">
                    <a href="/forum/start">[module-forum-title]</a>
                    &raquo;
                    Probe Open
                </div>
            
            
                <div class="forum-group" style="width: 98%">
                    <div class="head">
                        <div class="title"><a href="/forum/s-71/probe-open">Probe Open</a></div>
                        <div class="description">an open section</div>
                    </div>
                    <div>
                        <table>
                        <tbody>
                        <tr class="head">
                            <td>[module-forumstart-section]</td>
                            <td>[module-forumstart-threads]</td>
                            <td>[module-forumstart-posts]</td>
                            <td>[module-forum-last-post]</td>
                        </tr>
                        
                            <tr>
                                <td class="name">
                                    <div class="title"><a href="/forum/c-55/probe-chat">Probe Chat</a></div>
                                    <div class="description">ordinary threads</div>
                                </td>
                                <td class="threads">3</td>
                                <td class="posts">6</td>
                                <td class="last">
                                    
                                        [module-forum-author]<span class="printuser w-user avatarhover" data-user-id="32" data-user-name="probevoter">
            
                <a href="/-/users/probevoter"><img class="small" src="/-/static/images/default_avatar.png" alt="probevoter"></a>
            
            <a href="/-/users/probevoter">probevoter</a>
            
                
                
            
        </span>
                                        <br>
                                        <span class="odate w-date" style="display: inline" data-timestamp="1694344633000" data-format="[module-date-format-js]">[module-date-format month=09 day=10 year=2023 hour=11 minute=17 zone=UTC]</span>
                                        <br>
                                        <a href="/forum/t-99/probe-pinned-thread#post-27">[module-forum-view-post]</a>
                                    
                                </td>
                            </tr>
                        
                            <tr>
                                <td class="name">
                                    <div class="title"><a href="/forum/c-56/probe-comments">Probe Comments</a></div>
                                    <div class="description">article comments</div>
                                </td>
                                <td class="threads">42</td>
                                <td class="posts">4</td>
                                <td class="last">
                                    
                                        [module-forum-author]<span class="printuser w-user avatarhover" data-user-id="30" data-user-name="probe-author">
            
                <a href="/-/users/probe-author"><img class="small" src="/-/static/images/default_avatar.png" alt="Probe Author"></a>
            
            <a href="/-/users/probe-author">Probe Author</a>
            
                
                
            
        </span>
                                        <br>
                                        <span class="odate w-date" style="display: inline" data-timestamp="1694346133000" data-format="[module-date-format-js]">[module-date-format month=09 day=10 year=2023 hour=11 minute=42 zone=UTC]</span>
                                        <br>
                                        <a href="/forum/t-14/probe-full#post-2">[module-forum-view-post]</a>
                                    
                                </td>
                            </tr>
                        
                            <tr>
                                <td class="name">
                                    <div class="title"><a href="/forum/c-57/probe-quiet">Probe Quiet</a></div>
                                    <div class="description">nobody has posted here</div>
                                </td>
                                <td class="threads">0</td>
                                <td class="posts">0</td>
                                <td class="last">
                                    
                                </td>
                            </tr>
                        
                            <tr>
                                <td class="name">
                                    <div class="title"><a href="/forum/c-60/probe-busy">Probe Busy</a></div>
                                    <div class="description">enough threads for a second page</div>
                                </td>
                                <td class="threads">21</td>
                                <td class="posts">21</td>
                                <td class="last">
                                    
                                        [module-forum-author]<span class="printuser w-user avatarhover" data-user-id="30" data-user-name="probe-author">
            
                <a href="/-/users/probe-author"><img class="small" src="/-/static/images/default_avatar.png" alt="Probe Author"></a>
            
            <a href="/-/users/probe-author">Probe Author</a>
            
                
                
            
        </span>
                                        <br>
                                        <span class="odate w-date" style="display: inline" data-timestamp="1694345893000" data-format="[module-date-format-js]">[module-date-format month=09 day=10 year=2023 hour=11 minute=38 zone=UTC]</span>
                                        <br>
                                        <a href="/forum/t-120/probe-busy-20#post-48">[module-forum-view-post]</a>
                                    
                                </td>
                            </tr>
                        
                            <tr>
                                <td class="name">
                                    <div class="title"><a href="/forum/c-61/probe-talk">Probe Talk</a></div>
                                    <div class="description">threads that carry replies</div>
                                </td>
                                <td class="threads">2</td>
                                <td class="posts">18</td>
                                <td class="last">
                                    
                                        [module-forum-author]<span class="printuser w-user avatarhover" data-user-id="32" data-user-name="probevoter">
            
                <a href="/-/users/probevoter"><img class="small" src="/-/static/images/default_avatar.png" alt="probevoter"></a>
            
            <a href="/-/users/probevoter">probevoter</a>
            
                
                
            
        </span>
                                        <br>
                                        <span class="odate w-date" style="display: inline" data-timestamp="1694347213000" data-format="[module-date-format-js]">[module-date-format month=09 day=10 year=2023 hour=12 minute=00 zone=UTC]</span>
                                        <br>
                                        <a href="/forum/t-122/probe-long-thread#post-65">[module-forum-view-post]</a>
                                    
                                </td>
                            </tr>
                        
                        </tbody>
                        </table>
                    </div>
                </div>
            
        </div>
        <p style="text-align: right">
            
                <a href="/forum/start/hidden/show">[module-forumstart-show-hidden]</a>
            
        </p>
=== anonymous-hidden-shown
title: [module-forumstart-title]
status: 200
<div class="forum-start-box">
            
                <div class="forum-breadcrumbs">
                    <a href="/forum/start">[module-forum-title]</a>
                    &raquo;
                    Probe Open
                </div>
            
            
                <div class="forum-group" style="width: 98%">
                    <div class="head">
                        <div class="title"><a href="/forum/s-71/probe-open">Probe Open</a></div>
                        <div class="description">an open section</div>
                    </div>
                    <div>
                        <table>
                        <tbody>
                        <tr class="head">
                            <td>[module-forumstart-section]</td>
                            <td>[module-forumstart-threads]</td>
                            <td>[module-forumstart-posts]</td>
                            <td>[module-forum-last-post]</td>
                        </tr>
                        
                            <tr>
                                <td class="name">
                                    <div class="title"><a href="/forum/c-55/probe-chat">Probe Chat</a></div>
                                    <div class="description">ordinary threads</div>
                                </td>
                                <td class="threads">3</td>
                                <td class="posts">6</td>
                                <td class="last">
                                    
                                        [module-forum-author]<span class="printuser w-user avatarhover" data-user-id="32" data-user-name="probevoter">
            
                <a href="/-/users/probevoter"><img class="small" src="/-/static/images/default_avatar.png" alt="probevoter"></a>
            
            <a href="/-/users/probevoter">probevoter</a>
            
                
                
            
        </span>
                                        <br>
                                        <span class="odate w-date" style="display: inline" data-timestamp="1694344633000" data-format="[module-date-format-js]">[module-date-format month=09 day=10 year=2023 hour=11 minute=17 zone=UTC]</span>
                                        <br>
                                        <a href="/forum/t-99/probe-pinned-thread#post-27">[module-forum-view-post]</a>
                                    
                                </td>
                            </tr>
                        
                            <tr>
                                <td class="name">
                                    <div class="title"><a href="/forum/c-56/probe-comments">Probe Comments</a></div>
                                    <div class="description">article comments</div>
                                </td>
                                <td class="threads">42</td>
                                <td class="posts">4</td>
                                <td class="last">
                                    
                                        [module-forum-author]<span class="printuser w-user avatarhover" data-user-id="30" data-user-name="probe-author">
            
                <a href="/-/users/probe-author"><img class="small" src="/-/static/images/default_avatar.png" alt="Probe Author"></a>
            
            <a href="/-/users/probe-author">Probe Author</a>
            
                
                
            
        </span>
                                        <br>
                                        <span class="odate w-date" style="display: inline" data-timestamp="1694346133000" data-format="[module-date-format-js]">[module-date-format month=09 day=10 year=2023 hour=11 minute=42 zone=UTC]</span>
                                        <br>
                                        <a href="/forum/t-14/probe-full#post-2">[module-forum-view-post]</a>
                                    
                                </td>
                            </tr>
                        
                            <tr>
                                <td class="name">
                                    <div class="title"><a href="/forum/c-57/probe-quiet">Probe Quiet</a></div>
                                    <div class="description">nobody has posted here</div>
                                </td>
                                <td class="threads">0</td>
                                <td class="posts">0</td>
                                <td class="last">
                                    
                                </td>
                            </tr>
                        
                            <tr>
                                <td class="name">
                                    <div class="title"><a href="/forum/c-60/probe-busy">Probe Busy</a></div>
                                    <div class="description">enough threads for a second page</div>
                                </td>
                                <td class="threads">21</td>
                                <td class="posts">21</td>
                                <td class="last">
                                    
                                        [module-forum-author]<span class="printuser w-user avatarhover" data-user-id="30" data-user-name="probe-author">
            
                <a href="/-/users/probe-author"><img class="small" src="/-/static/images/default_avatar.png" alt="Probe Author"></a>
            
            <a href="/-/users/probe-author">Probe Author</a>
            
                
                
            
        </span>
                                        <br>
                                        <span class="odate w-date" style="display: inline" data-timestamp="1694345893000" data-format="[module-date-format-js]">[module-date-format month=09 day=10 year=2023 hour=11 minute=38 zone=UTC]</span>
                                        <br>
                                        <a href="/forum/t-120/probe-busy-20#post-48">[module-forum-view-post]</a>
                                    
                                </td>
                            </tr>
                        
                            <tr>
                                <td class="name">
                                    <div class="title"><a href="/forum/c-61/probe-talk">Probe Talk</a></div>
                                    <div class="description">threads that carry replies</div>
                                </td>
                                <td class="threads">2</td>
                                <td class="posts">18</td>
                                <td class="last">
                                    
                                        [module-forum-author]<span class="printuser w-user avatarhover" data-user-id="32" data-user-name="probevoter">
            
                <a href="/-/users/probevoter"><img class="small" src="/-/static/images/default_avatar.png" alt="probevoter"></a>
            
            <a href="/-/users/probevoter">probevoter</a>
            
                
                
            
        </span>
                                        <br>
                                        <span class="odate w-date" style="display: inline" data-timestamp="1694347213000" data-format="[module-date-format-js]">[module-date-format month=09 day=10 year=2023 hour=12 minute=00 zone=UTC]</span>
                                        <br>
                                        <a href="/forum/t-122/probe-long-thread#post-65">[module-forum-view-post]</a>
                                    
                                </td>
                            </tr>
                        
                        </tbody>
                        </table>
                    </div>
                </div>
            
                <div class="forum-group" style="width: 98%">
                    <div class="head">
                        <div class="title"><a href="/forum/s-72/probe-hidden">Probe Hidden</a></div>
                        <div class="description">hidden from the listing</div>
                    </div>
                    <div>
                        <table>
                        <tbody>
                        <tr class="head">
                            <td>[module-forumstart-section]</td>
                            <td>[module-forumstart-threads]</td>
                            <td>[module-forumstart-posts]</td>
                            <td>[module-forum-last-post]</td>
                        </tr>
                        
                            <tr>
                                <td class="name">
                                    <div class="title"><a href="/forum/c-58/probe-hidden-chat">Probe Hidden Chat</a></div>
                                    <div class="description">inside the hidden section</div>
                                </td>
                                <td class="threads">0</td>
                                <td class="posts">0</td>
                                <td class="last">
                                    
                                </td>
                            </tr>
                        
                        </tbody>
                        </table>
                    </div>
                </div>
            
        </div>
        <p style="text-align: right">
            
                <a href="/forum/start">[module-forumstart-hide-hidden]</a>
            
        </p>
=== anonymous-hidden-junk
title: [module-forumstart-title]
status: 200
<div class="forum-start-box">
            
                <div class="forum-breadcrumbs">
                    <a href="/forum/start">[module-forum-title]</a>
                    &raquo;
                    Probe Open
                </div>
            
            
                <div class="forum-group" style="width: 98%">
                    <div class="head">
                        <div class="title"><a href="/forum/s-71/probe-open">Probe Open</a></div>
                        <div class="description">an open section</div>
                    </div>
                    <div>
                        <table>
                        <tbody>
                        <tr class="head">
                            <td>[module-forumstart-section]</td>
                            <td>[module-forumstart-threads]</td>
                            <td>[module-forumstart-posts]</td>
                            <td>[module-forum-last-post]</td>
                        </tr>
                        
                            <tr>
                                <td class="name">
                                    <div class="title"><a href="/forum/c-55/probe-chat">Probe Chat</a></div>
                                    <div class="description">ordinary threads</div>
                                </td>
                                <td class="threads">3</td>
                                <td class="posts">6</td>
                                <td class="last">
                                    
                                        [module-forum-author]<span class="printuser w-user avatarhover" data-user-id="32" data-user-name="probevoter">
            
                <a href="/-/users/probevoter"><img class="small" src="/-/static/images/default_avatar.png" alt="probevoter"></a>
            
            <a href="/-/users/probevoter">probevoter</a>
            
                
                
            
        </span>
                                        <br>
                                        <span class="odate w-date" style="display: inline" data-timestamp="1694344633000" data-format="[module-date-format-js]">[module-date-format month=09 day=10 year=2023 hour=11 minute=17 zone=UTC]</span>
                                        <br>
                                        <a href="/forum/t-99/probe-pinned-thread#post-27">[module-forum-view-post]</a>
                                    
                                </td>
                            </tr>
                        
                            <tr>
                                <td class="name">
                                    <div class="title"><a href="/forum/c-56/probe-comments">Probe Comments</a></div>
                                    <div class="description">article comments</div>
                                </td>
                                <td class="threads">42</td>
                                <td class="posts">4</td>
                                <td class="last">
                                    
                                        [module-forum-author]<span class="printuser w-user avatarhover" data-user-id="30" data-user-name="probe-author">
            
                <a href="/-/users/probe-author"><img class="small" src="/-/static/images/default_avatar.png" alt="Probe Author"></a>
            
            <a href="/-/users/probe-author">Probe Author</a>
            
                
                
            
        </span>
                                        <br>
                                        <span class="odate w-date" style="display: inline" data-timestamp="1694346133000" data-format="[module-date-format-js]">[module-date-format month=09 day=10 year=2023 hour=11 minute=42 zone=UTC]</span>
                                        <br>
                                        <a href="/forum/t-14/probe-full#post-2">[module-forum-view-post]</a>
                                    
                                </td>
                            </tr>
                        
                            <tr>
                                <td class="name">
                                    <div class="title"><a href="/forum/c-57/probe-quiet">Probe Quiet</a></div>
                                    <div class="description">nobody has posted here</div>
                                </td>
                                <td class="threads">0</td>
                                <td class="posts">0</td>
                                <td class="last">
                                    
                                </td>
                            </tr>
                        
                            <tr>
                                <td class="name">
                                    <div class="title"><a href="/forum/c-60/probe-busy">Probe Busy</a></div>
                                    <div class="description">enough threads for a second page</div>
                                </td>
                                <td class="threads">21</td>
                                <td class="posts">21</td>
                                <td class="last">
                                    
                                        [module-forum-author]<span class="printuser w-user avatarhover" data-user-id="30" data-user-name="probe-author">
            
                <a href="/-/users/probe-author"><img class="small" src="/-/static/images/default_avatar.png" alt="Probe Author"></a>
            
            <a href="/-/users/probe-author">Probe Author</a>
            
                
                
            
        </span>
                                        <br>
                                        <span class="odate w-date" style="display: inline" data-timestamp="1694345893000" data-format="[module-date-format-js]">[module-date-format month=09 day=10 year=2023 hour=11 minute=38 zone=UTC]</span>
                                        <br>
                                        <a href="/forum/t-120/probe-busy-20#post-48">[module-forum-view-post]</a>
                                    
                                </td>
                            </tr>
                        
                            <tr>
                                <td class="name">
                                    <div class="title"><a href="/forum/c-61/probe-talk">Probe Talk</a></div>
                                    <div class="description">threads that carry replies</div>
                                </td>
                                <td class="threads">2</td>
                                <td class="posts">18</td>
                                <td class="last">
                                    
                                        [module-forum-author]<span class="printuser w-user avatarhover" data-user-id="32" data-user-name="probevoter">
            
                <a href="/-/users/probevoter"><img class="small" src="/-/static/images/default_avatar.png" alt="probevoter"></a>
            
            <a href="/-/users/probevoter">probevoter</a>
            
                
                
            
        </span>
                                        <br>
                                        <span class="odate w-date" style="display: inline" data-timestamp="1694347213000" data-format="[module-date-format-js]">[module-date-format month=09 day=10 year=2023 hour=12 minute=00 zone=UTC]</span>
                                        <br>
                                        <a href="/forum/t-122/probe-long-thread#post-65">[module-forum-view-post]</a>
                                    
                                </td>
                            </tr>
                        
                        </tbody>
                        </table>
                    </div>
                </div>
            
        </div>
        <p style="text-align: right">
            
                <a href="/forum/start/hidden/show">[module-forumstart-show-hidden]</a>
            
        </p>
=== anonymous-open-section
title: [module-forum-title-named name=Probe Open]
status: 200
<div class="forum-start-box">
            
                <div class="forum-breadcrumbs">
                    <a href="/forum/start">[module-forum-title]</a>
                    &raquo;
                    Probe Open
                </div>
            
            
                <div class="forum-group" style="width: 98%">
                    <div class="head">
                        <div class="title"><a href="/forum/s-71/probe-open">Probe Open</a></div>
                        <div class="description">an open section</div>
                    </div>
                    <div>
                        <table>
                        <tbody>
                        <tr class="head">
                            <td>[module-forumstart-section]</td>
                            <td>[module-forumstart-threads]</td>
                            <td>[module-forumstart-posts]</td>
                            <td>[module-forum-last-post]</td>
                        </tr>
                        
                            <tr>
                                <td class="name">
                                    <div class="title"><a href="/forum/c-55/probe-chat">Probe Chat</a></div>
                                    <div class="description">ordinary threads</div>
                                </td>
                                <td class="threads">3</td>
                                <td class="posts">6</td>
                                <td class="last">
                                    
                                        [module-forum-author]<span class="printuser w-user avatarhover" data-user-id="32" data-user-name="probevoter">
            
                <a href="/-/users/probevoter"><img class="small" src="/-/static/images/default_avatar.png" alt="probevoter"></a>
            
            <a href="/-/users/probevoter">probevoter</a>
            
                
                
            
        </span>
                                        <br>
                                        <span class="odate w-date" style="display: inline" data-timestamp="1694344633000" data-format="[module-date-format-js]">[module-date-format month=09 day=10 year=2023 hour=11 minute=17 zone=UTC]</span>
                                        <br>
                                        <a href="/forum/t-99/probe-pinned-thread#post-27">[module-forum-view-post]</a>
                                    
                                </td>
                            </tr>
                        
                            <tr>
                                <td class="name">
                                    <div class="title"><a href="/forum/c-56/probe-comments">Probe Comments</a></div>
                                    <div class="description">article comments</div>
                                </td>
                                <td class="threads">42</td>
                                <td class="posts">4</td>
                                <td class="last">
                                    
                                        [module-forum-author]<span class="printuser w-user avatarhover" data-user-id="30" data-user-name="probe-author">
            
                <a href="/-/users/probe-author"><img class="small" src="/-/static/images/default_avatar.png" alt="Probe Author"></a>
            
            <a href="/-/users/probe-author">Probe Author</a>
            
                
                
            
        </span>
                                        <br>
                                        <span class="odate w-date" style="display: inline" data-timestamp="1694346133000" data-format="[module-date-format-js]">[module-date-format month=09 day=10 year=2023 hour=11 minute=42 zone=UTC]</span>
                                        <br>
                                        <a href="/forum/t-14/probe-full#post-2">[module-forum-view-post]</a>
                                    
                                </td>
                            </tr>
                        
                            <tr>
                                <td class="name">
                                    <div class="title"><a href="/forum/c-57/probe-quiet">Probe Quiet</a></div>
                                    <div class="description">nobody has posted here</div>
                                </td>
                                <td class="threads">0</td>
                                <td class="posts">0</td>
                                <td class="last">
                                    
                                </td>
                            </tr>
                        
                            <tr>
                                <td class="name">
                                    <div class="title"><a href="/forum/c-60/probe-busy">Probe Busy</a></div>
                                    <div class="description">enough threads for a second page</div>
                                </td>
                                <td class="threads">21</td>
                                <td class="posts">21</td>
                                <td class="last">
                                    
                                        [module-forum-author]<span class="printuser w-user avatarhover" data-user-id="30" data-user-name="probe-author">
            
                <a href="/-/users/probe-author"><img class="small" src="/-/static/images/default_avatar.png" alt="Probe Author"></a>
            
            <a href="/-/users/probe-author">Probe Author</a>
            
                
                
            
        </span>
                                        <br>
                                        <span class="odate w-date" style="display: inline" data-timestamp="1694345893000" data-format="[module-date-format-js]">[module-date-format month=09 day=10 year=2023 hour=11 minute=38 zone=UTC]</span>
                                        <br>
                                        <a href="/forum/t-120/probe-busy-20#post-48">[module-forum-view-post]</a>
                                    
                                </td>
                            </tr>
                        
                            <tr>
                                <td class="name">
                                    <div class="title"><a href="/forum/c-61/probe-talk">Probe Talk</a></div>
                                    <div class="description">threads that carry replies</div>
                                </td>
                                <td class="threads">2</td>
                                <td class="posts">18</td>
                                <td class="last">
                                    
                                        [module-forum-author]<span class="printuser w-user avatarhover" data-user-id="32" data-user-name="probevoter">
            
                <a href="/-/users/probevoter"><img class="small" src="/-/static/images/default_avatar.png" alt="probevoter"></a>
            
            <a href="/-/users/probevoter">probevoter</a>
            
                
                
            
        </span>
                                        <br>
                                        <span class="odate w-date" style="display: inline" data-timestamp="1694347213000" data-format="[module-date-format-js]">[module-date-format month=09 day=10 year=2023 hour=12 minute=00 zone=UTC]</span>
                                        <br>
                                        <a href="/forum/t-122/probe-long-thread#post-65">[module-forum-view-post]</a>
                                    
                                </td>
                            </tr>
                        
                        </tbody>
                        </table>
                    </div>
                </div>
            
        </div>
        <p style="text-align: right">
            
                <a href="/forum/s-71/hidden/show">[module-forumstart-show-hidden]</a>
            
        </p>
=== anonymous-hidden-section
title: [module-forum-title-named name=Probe Hidden]
status: 200
<div class="forum-start-box">
            
                <div class="forum-breadcrumbs">
                    <a href="/forum/start">[module-forum-title]</a>
                    &raquo;
                    Probe Hidden
                </div>
            
            
                <div class="forum-group" style="width: 98%">
                    <div class="head">
                        <div class="title"><a href="/forum/s-72/probe-hidden">Probe Hidden</a></div>
                        <div class="description">hidden from the listing</div>
                    </div>
                    <div>
                        <table>
                        <tbody>
                        <tr class="head">
                            <td>[module-forumstart-section]</td>
                            <td>[module-forumstart-threads]</td>
                            <td>[module-forumstart-posts]</td>
                            <td>[module-forum-last-post]</td>
                        </tr>
                        
                            <tr>
                                <td class="name">
                                    <div class="title"><a href="/forum/c-58/probe-hidden-chat">Probe Hidden Chat</a></div>
                                    <div class="description">inside the hidden section</div>
                                </td>
                                <td class="threads">0</td>
                                <td class="posts">0</td>
                                <td class="last">
                                    
                                </td>
                            </tr>
                        
                        </tbody>
                        </table>
                    </div>
                </div>
            
        </div>
        <p style="text-align: right">
            
                <a href="/forum/s-72/hidden/show">[module-forumstart-show-hidden]</a>
            
        </p>
=== anonymous-staff-section
title: [module-forum-title-named name=Probe Staff]
status: 200
<div class="forum-start-box">
            
                <div class="forum-breadcrumbs">
                    <a href="/forum/start">[module-forum-title]</a>
                    &raquo;
                    Probe Staff
                </div>
            
            
        </div>
        <p style="text-align: right">
            
                <a href="/forum/s-73/hidden/show">[module-forumstart-show-hidden]</a>
            
        </p>
=== anonymous-section-and-hidden
title: [module-forum-title-named name=Probe Open]
status: 200
<div class="forum-start-box">
            
                <div class="forum-breadcrumbs">
                    <a href="/forum/start">[module-forum-title]</a>
                    &raquo;
                    Probe Open
                </div>
            
            
                <div class="forum-group" style="width: 98%">
                    <div class="head">
                        <div class="title"><a href="/forum/s-71/probe-open">Probe Open</a></div>
                        <div class="description">an open section</div>
                    </div>
                    <div>
                        <table>
                        <tbody>
                        <tr class="head">
                            <td>[module-forumstart-section]</td>
                            <td>[module-forumstart-threads]</td>
                            <td>[module-forumstart-posts]</td>
                            <td>[module-forum-last-post]</td>
                        </tr>
                        
                            <tr>
                                <td class="name">
                                    <div class="title"><a href="/forum/c-55/probe-chat">Probe Chat</a></div>
                                    <div class="description">ordinary threads</div>
                                </td>
                                <td class="threads">3</td>
                                <td class="posts">6</td>
                                <td class="last">
                                    
                                        [module-forum-author]<span class="printuser w-user avatarhover" data-user-id="32" data-user-name="probevoter">
            
                <a href="/-/users/probevoter"><img class="small" src="/-/static/images/default_avatar.png" alt="probevoter"></a>
            
            <a href="/-/users/probevoter">probevoter</a>
            
                
                
            
        </span>
                                        <br>
                                        <span class="odate w-date" style="display: inline" data-timestamp="1694344633000" data-format="[module-date-format-js]">[module-date-format month=09 day=10 year=2023 hour=11 minute=17 zone=UTC]</span>
                                        <br>
                                        <a href="/forum/t-99/probe-pinned-thread#post-27">[module-forum-view-post]</a>
                                    
                                </td>
                            </tr>
                        
                            <tr>
                                <td class="name">
                                    <div class="title"><a href="/forum/c-56/probe-comments">Probe Comments</a></div>
                                    <div class="description">article comments</div>
                                </td>
                                <td class="threads">42</td>
                                <td class="posts">4</td>
                                <td class="last">
                                    
                                        [module-forum-author]<span class="printuser w-user avatarhover" data-user-id="30" data-user-name="probe-author">
            
                <a href="/-/users/probe-author"><img class="small" src="/-/static/images/default_avatar.png" alt="Probe Author"></a>
            
            <a href="/-/users/probe-author">Probe Author</a>
            
                
                
            
        </span>
                                        <br>
                                        <span class="odate w-date" style="display: inline" data-timestamp="1694346133000" data-format="[module-date-format-js]">[module-date-format month=09 day=10 year=2023 hour=11 minute=42 zone=UTC]</span>
                                        <br>
                                        <a href="/forum/t-14/probe-full#post-2">[module-forum-view-post]</a>
                                    
                                </td>
                            </tr>
                        
                            <tr>
                                <td class="name">
                                    <div class="title"><a href="/forum/c-57/probe-quiet">Probe Quiet</a></div>
                                    <div class="description">nobody has posted here</div>
                                </td>
                                <td class="threads">0</td>
                                <td class="posts">0</td>
                                <td class="last">
                                    
                                </td>
                            </tr>
                        
                            <tr>
                                <td class="name">
                                    <div class="title"><a href="/forum/c-60/probe-busy">Probe Busy</a></div>
                                    <div class="description">enough threads for a second page</div>
                                </td>
                                <td class="threads">21</td>
                                <td class="posts">21</td>
                                <td class="last">
                                    
                                        [module-forum-author]<span class="printuser w-user avatarhover" data-user-id="30" data-user-name="probe-author">
            
                <a href="/-/users/probe-author"><img class="small" src="/-/static/images/default_avatar.png" alt="Probe Author"></a>
            
            <a href="/-/users/probe-author">Probe Author</a>
            
                
                
            
        </span>
                                        <br>
                                        <span class="odate w-date" style="display: inline" data-timestamp="1694345893000" data-format="[module-date-format-js]">[module-date-format month=09 day=10 year=2023 hour=11 minute=38 zone=UTC]</span>
                                        <br>
                                        <a href="/forum/t-120/probe-busy-20#post-48">[module-forum-view-post]</a>
                                    
                                </td>
                            </tr>
                        
                            <tr>
                                <td class="name">
                                    <div class="title"><a href="/forum/c-61/probe-talk">Probe Talk</a></div>
                                    <div class="description">threads that carry replies</div>
                                </td>
                                <td class="threads">2</td>
                                <td class="posts">18</td>
                                <td class="last">
                                    
                                        [module-forum-author]<span class="printuser w-user avatarhover" data-user-id="32" data-user-name="probevoter">
            
                <a href="/-/users/probevoter"><img class="small" src="/-/static/images/default_avatar.png" alt="probevoter"></a>
            
            <a href="/-/users/probevoter">probevoter</a>
            
                
                
            
        </span>
                                        <br>
                                        <span class="odate w-date" style="display: inline" data-timestamp="1694347213000" data-format="[module-date-format-js]">[module-date-format month=09 day=10 year=2023 hour=12 minute=00 zone=UTC]</span>
                                        <br>
                                        <a href="/forum/t-122/probe-long-thread#post-65">[module-forum-view-post]</a>
                                    
                                </td>
                            </tr>
                        
                        </tbody>
                        </table>
                    </div>
                </div>
            
        </div>
        <p style="text-align: right">
            
                <a href="/forum/s-71/probe-open">[module-forumstart-hide-hidden]</a>
            
        </p>
=== anonymous-missing-section
title: [module-forumstart-title]
status: 404
!error: [module-forum-not-found name=999999]
=== anonymous-unparsable-section
title: [module-forumstart-title]
status: 200
!error: [module-failed name=ForumStart]
=== registered
title: [module-forumstart-title]
status: 200
<div class="forum-start-box">
            
                <div class="forum-breadcrumbs">
                    <a href="/forum/start">[module-forum-title]</a>
                    &raquo;
                    Probe Open
                </div>
            
            
                <div class="forum-group" style="width: 98%">
                    <div class="head">
                        <div class="title"><a href="/forum/s-71/probe-open">Probe Open</a></div>
                        <div class="description">an open section</div>
                    </div>
                    <div>
                        <table>
                        <tbody>
                        <tr class="head">
                            <td>[module-forumstart-section]</td>
                            <td>[module-forumstart-threads]</td>
                            <td>[module-forumstart-posts]</td>
                            <td>[module-forum-last-post]</td>
                        </tr>
                        
                            <tr>
                                <td class="name">
                                    <div class="title"><a href="/forum/c-55/probe-chat">Probe Chat</a></div>
                                    <div class="description">ordinary threads</div>
                                </td>
                                <td class="threads">3</td>
                                <td class="posts">6</td>
                                <td class="last">
                                    
                                        [module-forum-author]<span class="printuser w-user avatarhover" data-user-id="32" data-user-name="probevoter">
            
                <a href="/-/users/probevoter"><img class="small" src="/-/static/images/default_avatar.png" alt="probevoter"></a>
            
            <a href="/-/users/probevoter">probevoter</a>
            
                
                
            
        </span>
                                        <br>
                                        <span class="odate w-date" style="display: inline" data-timestamp="1694344633000" data-format="[module-date-format-js]">[module-date-format month=09 day=10 year=2023 hour=11 minute=17 zone=UTC]</span>
                                        <br>
                                        <a href="/forum/t-99/probe-pinned-thread#post-27">[module-forum-view-post]</a>
                                    
                                </td>
                            </tr>
                        
                            <tr>
                                <td class="name">
                                    <div class="title"><a href="/forum/c-56/probe-comments">Probe Comments</a></div>
                                    <div class="description">article comments</div>
                                </td>
                                <td class="threads">42</td>
                                <td class="posts">4</td>
                                <td class="last">
                                    
                                        [module-forum-author]<span class="printuser w-user avatarhover" data-user-id="30" data-user-name="probe-author">
            
                <a href="/-/users/probe-author"><img class="small" src="/-/static/images/default_avatar.png" alt="Probe Author"></a>
            
            <a href="/-/users/probe-author">Probe Author</a>
            
                
                
            
        </span>
                                        <br>
                                        <span class="odate w-date" style="display: inline" data-timestamp="1694346133000" data-format="[module-date-format-js]">[module-date-format month=09 day=10 year=2023 hour=11 minute=42 zone=UTC]</span>
                                        <br>
                                        <a href="/forum/t-14/probe-full#post-2">[module-forum-view-post]</a>
                                    
                                </td>
                            </tr>
                        
                            <tr>
                                <td class="name">
                                    <div class="title"><a href="/forum/c-57/probe-quiet">Probe Quiet</a></div>
                                    <div class="description">nobody has posted here</div>
                                </td>
                                <td class="threads">0</td>
                                <td class="posts">0</td>
                                <td class="last">
                                    
                                </td>
                            </tr>
                        
                            <tr>
                                <td class="name">
                                    <div class="title"><a href="/forum/c-60/probe-busy">Probe Busy</a></div>
                                    <div class="description">enough threads for a second page</div>
                                </td>
                                <td class="threads">21</td>
                                <td class="posts">21</td>
                                <td class="last">
                                    
                                        [module-forum-author]<span class="printuser w-user avatarhover" data-user-id="30" data-user-name="probe-author">
            
                <a href="/-/users/probe-author"><img class="small" src="/-/static/images/default_avatar.png" alt="Probe Author"></a>
            
            <a href="/-/users/probe-author">Probe Author</a>
            
                
                
            
        </span>
                                        <br>
                                        <span class="odate w-date" style="display: inline" data-timestamp="1694345893000" data-format="[module-date-format-js]">[module-date-format month=09 day=10 year=2023 hour=11 minute=38 zone=UTC]</span>
                                        <br>
                                        <a href="/forum/t-120/probe-busy-20#post-48">[module-forum-view-post]</a>
                                    
                                </td>
                            </tr>
                        
                            <tr>
                                <td class="name">
                                    <div class="title"><a href="/forum/c-61/probe-talk">Probe Talk</a></div>
                                    <div class="description">threads that carry replies</div>
                                </td>
                                <td class="threads">2</td>
                                <td class="posts">18</td>
                                <td class="last">
                                    
                                        [module-forum-author]<span class="printuser w-user avatarhover" data-user-id="32" data-user-name="probevoter">
            
                <a href="/-/users/probevoter"><img class="small" src="/-/static/images/default_avatar.png" alt="probevoter"></a>
            
            <a href="/-/users/probevoter">probevoter</a>
            
                
                
            
        </span>
                                        <br>
                                        <span class="odate w-date" style="display: inline" data-timestamp="1694347213000" data-format="[module-date-format-js]">[module-date-format month=09 day=10 year=2023 hour=12 minute=00 zone=UTC]</span>
                                        <br>
                                        <a href="/forum/t-122/probe-long-thread#post-65">[module-forum-view-post]</a>
                                    
                                </td>
                            </tr>
                        
                        </tbody>
                        </table>
                    </div>
                </div>
            
        </div>
        <p style="text-align: right">
            
                <a href="/forum/start/hidden/show">[module-forumstart-show-hidden]</a>
            
        </p>
=== superuser
title: [module-forumstart-title]
status: 200
<div class="forum-start-box">
            
                <div class="forum-breadcrumbs">
                    <a href="/forum/start">[module-forum-title]</a>
                    &raquo;
                    Probe Open
                </div>
            
            
                <div class="forum-group" style="width: 98%">
                    <div class="head">
                        <div class="title"><a href="/forum/s-71/probe-open">Probe Open</a></div>
                        <div class="description">an open section</div>
                    </div>
                    <div>
                        <table>
                        <tbody>
                        <tr class="head">
                            <td>[module-forumstart-section]</td>
                            <td>[module-forumstart-threads]</td>
                            <td>[module-forumstart-posts]</td>
                            <td>[module-forum-last-post]</td>
                        </tr>
                        
                            <tr>
                                <td class="name">
                                    <div class="title"><a href="/forum/c-55/probe-chat">Probe Chat</a></div>
                                    <div class="description">ordinary threads</div>
                                </td>
                                <td class="threads">3</td>
                                <td class="posts">6</td>
                                <td class="last">
                                    
                                        [module-forum-author]<span class="printuser w-user avatarhover" data-user-id="32" data-user-name="probevoter">
            
                <a href="/-/users/probevoter"><img class="small" src="/-/static/images/default_avatar.png" alt="probevoter"></a>
            
            <a href="/-/users/probevoter">probevoter</a>
            
                
                
            
        </span>
                                        <br>
                                        <span class="odate w-date" style="display: inline" data-timestamp="1694344633000" data-format="[module-date-format-js]">[module-date-format month=09 day=10 year=2023 hour=11 minute=17 zone=UTC]</span>
                                        <br>
                                        <a href="/forum/t-99/probe-pinned-thread#post-27">[module-forum-view-post]</a>
                                    
                                </td>
                            </tr>
                        
                            <tr>
                                <td class="name">
                                    <div class="title"><a href="/forum/c-56/probe-comments">Probe Comments</a></div>
                                    <div class="description">article comments</div>
                                </td>
                                <td class="threads">42</td>
                                <td class="posts">4</td>
                                <td class="last">
                                    
                                        [module-forum-author]<span class="printuser w-user avatarhover" data-user-id="30" data-user-name="probe-author">
            
                <a href="/-/users/probe-author"><img class="small" src="/-/static/images/default_avatar.png" alt="Probe Author"></a>
            
            <a href="/-/users/probe-author">Probe Author</a>
            
                
                
            
        </span>
                                        <br>
                                        <span class="odate w-date" style="display: inline" data-timestamp="1694346133000" data-format="[module-date-format-js]">[module-date-format month=09 day=10 year=2023 hour=11 minute=42 zone=UTC]</span>
                                        <br>
                                        <a href="/forum/t-14/probe-full#post-2">[module-forum-view-post]</a>
                                    
                                </td>
                            </tr>
                        
                            <tr>
                                <td class="name">
                                    <div class="title"><a href="/forum/c-57/probe-quiet">Probe Quiet</a></div>
                                    <div class="description">nobody has posted here</div>
                                </td>
                                <td class="threads">0</td>
                                <td class="posts">0</td>
                                <td class="last">
                                    
                                </td>
                            </tr>
                        
                            <tr>
                                <td class="name">
                                    <div class="title"><a href="/forum/c-60/probe-busy">Probe Busy</a></div>
                                    <div class="description">enough threads for a second page</div>
                                </td>
                                <td class="threads">21</td>
                                <td class="posts">21</td>
                                <td class="last">
                                    
                                        [module-forum-author]<span class="printuser w-user avatarhover" data-user-id="30" data-user-name="probe-author">
            
                <a href="/-/users/probe-author"><img class="small" src="/-/static/images/default_avatar.png" alt="Probe Author"></a>
            
            <a href="/-/users/probe-author">Probe Author</a>
            
                
                
            
        </span>
                                        <br>
                                        <span class="odate w-date" style="display: inline" data-timestamp="1694345893000" data-format="[module-date-format-js]">[module-date-format month=09 day=10 year=2023 hour=11 minute=38 zone=UTC]</span>
                                        <br>
                                        <a href="/forum/t-120/probe-busy-20#post-48">[module-forum-view-post]</a>
                                    
                                </td>
                            </tr>
                        
                            <tr>
                                <td class="name">
                                    <div class="title"><a href="/forum/c-61/probe-talk">Probe Talk</a></div>
                                    <div class="description">threads that carry replies</div>
                                </td>
                                <td class="threads">2</td>
                                <td class="posts">18</td>
                                <td class="last">
                                    
                                        [module-forum-author]<span class="printuser w-user avatarhover" data-user-id="32" data-user-name="probevoter">
            
                <a href="/-/users/probevoter"><img class="small" src="/-/static/images/default_avatar.png" alt="probevoter"></a>
            
            <a href="/-/users/probevoter">probevoter</a>
            
                
                
            
        </span>
                                        <br>
                                        <span class="odate w-date" style="display: inline" data-timestamp="1694347213000" data-format="[module-date-format-js]">[module-date-format month=09 day=10 year=2023 hour=12 minute=00 zone=UTC]</span>
                                        <br>
                                        <a href="/forum/t-122/probe-long-thread#post-65">[module-forum-view-post]</a>
                                    
                                </td>
                            </tr>
                        
                        </tbody>
                        </table>
                    </div>
                </div>
            
                <div class="forum-group" style="width: 98%">
                    <div class="head">
                        <div class="title"><a href="/forum/s-73/probe-staff">Probe Staff</a></div>
                        <div class="description">only staff may browse</div>
                    </div>
                    <div>
                        <table>
                        <tbody>
                        <tr class="head">
                            <td>[module-forumstart-section]</td>
                            <td>[module-forumstart-threads]</td>
                            <td>[module-forumstart-posts]</td>
                            <td>[module-forum-last-post]</td>
                        </tr>
                        
                            <tr>
                                <td class="name">
                                    <div class="title"><a href="/forum/c-59/probe-staff-chat">Probe Staff Chat</a></div>
                                    <div class="description">inside the staff section</div>
                                </td>
                                <td class="threads">0</td>
                                <td class="posts">0</td>
                                <td class="last">
                                    
                                </td>
                            </tr>
                        
                        </tbody>
                        </table>
                    </div>
                </div>
            
        </div>
        <p style="text-align: right">
            
                <a href="/forum/start/hidden/show">[module-forumstart-show-hidden]</a>
            
        </p>
=== superuser-hidden-shown
title: [module-forumstart-title]
status: 200
<div class="forum-start-box">
            
                <div class="forum-breadcrumbs">
                    <a href="/forum/start">[module-forum-title]</a>
                    &raquo;
                    Probe Open
                </div>
            
            
                <div class="forum-group" style="width: 98%">
                    <div class="head">
                        <div class="title"><a href="/forum/s-71/probe-open">Probe Open</a></div>
                        <div class="description">an open section</div>
                    </div>
                    <div>
                        <table>
                        <tbody>
                        <tr class="head">
                            <td>[module-forumstart-section]</td>
                            <td>[module-forumstart-threads]</td>
                            <td>[module-forumstart-posts]</td>
                            <td>[module-forum-last-post]</td>
                        </tr>
                        
                            <tr>
                                <td class="name">
                                    <div class="title"><a href="/forum/c-55/probe-chat">Probe Chat</a></div>
                                    <div class="description">ordinary threads</div>
                                </td>
                                <td class="threads">3</td>
                                <td class="posts">6</td>
                                <td class="last">
                                    
                                        [module-forum-author]<span class="printuser w-user avatarhover" data-user-id="32" data-user-name="probevoter">
            
                <a href="/-/users/probevoter"><img class="small" src="/-/static/images/default_avatar.png" alt="probevoter"></a>
            
            <a href="/-/users/probevoter">probevoter</a>
            
                
                
            
        </span>
                                        <br>
                                        <span class="odate w-date" style="display: inline" data-timestamp="1694344633000" data-format="[module-date-format-js]">[module-date-format month=09 day=10 year=2023 hour=11 minute=17 zone=UTC]</span>
                                        <br>
                                        <a href="/forum/t-99/probe-pinned-thread#post-27">[module-forum-view-post]</a>
                                    
                                </td>
                            </tr>
                        
                            <tr>
                                <td class="name">
                                    <div class="title"><a href="/forum/c-56/probe-comments">Probe Comments</a></div>
                                    <div class="description">article comments</div>
                                </td>
                                <td class="threads">42</td>
                                <td class="posts">4</td>
                                <td class="last">
                                    
                                        [module-forum-author]<span class="printuser w-user avatarhover" data-user-id="30" data-user-name="probe-author">
            
                <a href="/-/users/probe-author"><img class="small" src="/-/static/images/default_avatar.png" alt="Probe Author"></a>
            
            <a href="/-/users/probe-author">Probe Author</a>
            
                
                
            
        </span>
                                        <br>
                                        <span class="odate w-date" style="display: inline" data-timestamp="1694346133000" data-format="[module-date-format-js]">[module-date-format month=09 day=10 year=2023 hour=11 minute=42 zone=UTC]</span>
                                        <br>
                                        <a href="/forum/t-14/probe-full#post-2">[module-forum-view-post]</a>
                                    
                                </td>
                            </tr>
                        
                            <tr>
                                <td class="name">
                                    <div class="title"><a href="/forum/c-57/probe-quiet">Probe Quiet</a></div>
                                    <div class="description">nobody has posted here</div>
                                </td>
                                <td class="threads">0</td>
                                <td class="posts">0</td>
                                <td class="last">
                                    
                                </td>
                            </tr>
                        
                            <tr>
                                <td class="name">
                                    <div class="title"><a href="/forum/c-60/probe-busy">Probe Busy</a></div>
                                    <div class="description">enough threads for a second page</div>
                                </td>
                                <td class="threads">21</td>
                                <td class="posts">21</td>
                                <td class="last">
                                    
                                        [module-forum-author]<span class="printuser w-user avatarhover" data-user-id="30" data-user-name="probe-author">
            
                <a href="/-/users/probe-author"><img class="small" src="/-/static/images/default_avatar.png" alt="Probe Author"></a>
            
            <a href="/-/users/probe-author">Probe Author</a>
            
                
                
            
        </span>
                                        <br>
                                        <span class="odate w-date" style="display: inline" data-timestamp="1694345893000" data-format="[module-date-format-js]">[module-date-format month=09 day=10 year=2023 hour=11 minute=38 zone=UTC]</span>
                                        <br>
                                        <a href="/forum/t-120/probe-busy-20#post-48">[module-forum-view-post]</a>
                                    
                                </td>
                            </tr>
                        
                            <tr>
                                <td class="name">
                                    <div class="title"><a href="/forum/c-61/probe-talk">Probe Talk</a></div>
                                    <div class="description">threads that carry replies</div>
                                </td>
                                <td class="threads">2</td>
                                <td class="posts">18</td>
                                <td class="last">
                                    
                                        [module-forum-author]<span class="printuser w-user avatarhover" data-user-id="32" data-user-name="probevoter">
            
                <a href="/-/users/probevoter"><img class="small" src="/-/static/images/default_avatar.png" alt="probevoter"></a>
            
            <a href="/-/users/probevoter">probevoter</a>
            
                
                
            
        </span>
                                        <br>
                                        <span class="odate w-date" style="display: inline" data-timestamp="1694347213000" data-format="[module-date-format-js]">[module-date-format month=09 day=10 year=2023 hour=12 minute=00 zone=UTC]</span>
                                        <br>
                                        <a href="/forum/t-122/probe-long-thread#post-65">[module-forum-view-post]</a>
                                    
                                </td>
                            </tr>
                        
                        </tbody>
                        </table>
                    </div>
                </div>
            
                <div class="forum-group" style="width: 98%">
                    <div class="head">
                        <div class="title"><a href="/forum/s-72/probe-hidden">Probe Hidden</a></div>
                        <div class="description">hidden from the listing</div>
                    </div>
                    <div>
                        <table>
                        <tbody>
                        <tr class="head">
                            <td>[module-forumstart-section]</td>
                            <td>[module-forumstart-threads]</td>
                            <td>[module-forumstart-posts]</td>
                            <td>[module-forum-last-post]</td>
                        </tr>
                        
                            <tr>
                                <td class="name">
                                    <div class="title"><a href="/forum/c-58/probe-hidden-chat">Probe Hidden Chat</a></div>
                                    <div class="description">inside the hidden section</div>
                                </td>
                                <td class="threads">0</td>
                                <td class="posts">0</td>
                                <td class="last">
                                    
                                </td>
                            </tr>
                        
                        </tbody>
                        </table>
                    </div>
                </div>
            
                <div class="forum-group" style="width: 98%">
                    <div class="head">
                        <div class="title"><a href="/forum/s-73/probe-staff">Probe Staff</a></div>
                        <div class="description">only staff may browse</div>
                    </div>
                    <div>
                        <table>
                        <tbody>
                        <tr class="head">
                            <td>[module-forumstart-section]</td>
                            <td>[module-forumstart-threads]</td>
                            <td>[module-forumstart-posts]</td>
                            <td>[module-forum-last-post]</td>
                        </tr>
                        
                            <tr>
                                <td class="name">
                                    <div class="title"><a href="/forum/c-59/probe-staff-chat">Probe Staff Chat</a></div>
                                    <div class="description">inside the staff section</div>
                                </td>
                                <td class="threads">0</td>
                                <td class="posts">0</td>
                                <td class="last">
                                    
                                </td>
                            </tr>
                        
                        </tbody>
                        </table>
                    </div>
                </div>
            
        </div>
        <p style="text-align: right">
            
                <a href="/forum/start">[module-forumstart-hide-hidden]</a>
            
        </p>
=== superuser-staff-section
title: [module-forum-title-named name=Probe Staff]
status: 200
<div class="forum-start-box">
            
                <div class="forum-breadcrumbs">
                    <a href="/forum/start">[module-forum-title]</a>
                    &raquo;
                    Probe Staff
                </div>
            
            
                <div class="forum-group" style="width: 98%">
                    <div class="head">
                        <div class="title"><a href="/forum/s-73/probe-staff">Probe Staff</a></div>
                        <div class="description">only staff may browse</div>
                    </div>
                    <div>
                        <table>
                        <tbody>
                        <tr class="head">
                            <td>[module-forumstart-section]</td>
                            <td>[module-forumstart-threads]</td>
                            <td>[module-forumstart-posts]</td>
                            <td>[module-forum-last-post]</td>
                        </tr>
                        
                            <tr>
                                <td class="name">
                                    <div class="title"><a href="/forum/c-59/probe-staff-chat">Probe Staff Chat</a></div>
                                    <div class="description">inside the staff section</div>
                                </td>
                                <td class="threads">0</td>
                                <td class="posts">0</td>
                                <td class="last">
                                    
                                </td>
                            </tr>
                        
                        </tbody>
                        </table>
                    </div>
                </div>
            
        </div>
        <p style="text-align: right">
            
                <a href="/forum/s-73/hidden/show">[module-forumstart-show-hidden]</a>
            
        </p>
