=== anonymous without object
view_articles = true
rate_articles = false
create_articles = false
edit_articles = false
tag_articles = false
move_articles = false
lock_articles = false
manage_article_files = false
delete_articles = false
reset_article_votes = false
comment_articles = false
view_article_comments = true
manage_article_authors = false
view_forum_posts = true
create_forum_posts = false
edit_forum_posts = false
delete_forum_posts = false
view_forum_threads = true
create_forum_threads = false
edit_forum_threads = false
pin_forum_threads = false
lock_forum_threads = false
move_forum_threads = false
view_forum_sections = true
view_hidden_forum_sections = false
view_forum_categories = true
=== anonymous on an article
view_articles = true
rate_articles = false
create_articles = false
edit_articles = false
tag_articles = false
move_articles = false
lock_articles = false
manage_article_files = false
delete_articles = false
reset_article_votes = false
comment_articles = false
view_article_comments = true
manage_article_authors = false
view_forum_posts = true
create_forum_posts = false
edit_forum_posts = false
delete_forum_posts = false
view_forum_threads = true
create_forum_threads = false
edit_forum_threads = false
pin_forum_threads = false
lock_forum_threads = false
move_forum_threads = false
view_forum_sections = true
view_hidden_forum_sections = false
view_forum_categories = true
=== registered user takes the union of three roles
view_articles = true
rate_articles = true
create_articles = false
edit_articles = true
tag_articles = true
move_articles = true
lock_articles = false
manage_article_files = false
delete_articles = false
reset_article_votes = false
comment_articles = true
view_article_comments = true
manage_article_authors = false
view_forum_posts = true
create_forum_posts = true
edit_forum_posts = false
delete_forum_posts = false
view_forum_threads = true
create_forum_threads = true
edit_forum_threads = false
pin_forum_threads = false
lock_forum_threads = false
move_forum_threads = false
view_forum_sections = true
view_hidden_forum_sections = false
view_forum_categories = true
=== a restriction beats a permission inside one role
view_articles = true
rate_articles = true
create_articles = false
edit_articles = false
tag_articles = false
move_articles = false
lock_articles = true
manage_article_files = false
delete_articles = false
reset_article_votes = false
comment_articles = true
view_article_comments = true
manage_article_authors = false
view_forum_posts = true
create_forum_posts = true
edit_forum_posts = false
delete_forum_posts = false
view_forum_threads = true
create_forum_threads = true
edit_forum_threads = false
pin_forum_threads = false
lock_forum_threads = false
move_forum_threads = false
view_forum_sections = true
view_hidden_forum_sections = false
view_forum_categories = true
=== a restriction in one role does not take away what another grants
view_articles = true
rate_articles = true
create_articles = false
edit_articles = false
tag_articles = false
move_articles = false
lock_articles = false
manage_article_files = false
delete_articles = false
reset_article_votes = false
comment_articles = true
view_article_comments = true
manage_article_authors = false
view_forum_posts = true
create_forum_posts = true
edit_forum_posts = false
delete_forum_posts = false
view_forum_threads = true
create_forum_threads = true
edit_forum_threads = false
pin_forum_threads = false
lock_forum_threads = false
move_forum_threads = false
view_forum_sections = true
view_hidden_forum_sections = false
view_forum_categories = true
=== a category override grants to one role
view_articles = true
rate_articles = true
create_articles = false
edit_articles = true
tag_articles = true
move_articles = true
lock_articles = false
manage_article_files = false
delete_articles = true
reset_article_votes = false
comment_articles = true
view_article_comments = true
manage_article_authors = false
view_forum_posts = true
create_forum_posts = true
edit_forum_posts = false
delete_forum_posts = false
view_forum_threads = true
create_forum_threads = true
edit_forum_threads = false
pin_forum_threads = false
lock_forum_threads = false
move_forum_threads = false
view_forum_sections = true
view_hidden_forum_sections = false
view_forum_categories = true
=== a category override restricts the role that granted it
view_articles = false
rate_articles = true
create_articles = false
edit_articles = true
tag_articles = true
move_articles = true
lock_articles = false
manage_article_files = false
delete_articles = false
reset_article_votes = false
comment_articles = true
view_article_comments = true
manage_article_authors = false
view_forum_posts = true
create_forum_posts = true
edit_forum_posts = false
delete_forum_posts = false
view_forum_threads = true
create_forum_threads = true
edit_forum_threads = false
pin_forum_threads = false
lock_forum_threads = false
move_forum_threads = false
view_forum_sections = true
view_hidden_forum_sections = false
view_forum_categories = true
=== a category override restricting one role leaves the others
view_articles = true
rate_articles = true
create_articles = false
edit_articles = false
tag_articles = false
move_articles = false
lock_articles = false
manage_article_files = false
delete_articles = false
reset_article_votes = false
comment_articles = true
view_article_comments = true
manage_article_authors = false
view_forum_posts = true
create_forum_posts = true
edit_forum_posts = false
delete_forum_posts = false
view_forum_threads = true
create_forum_threads = true
edit_forum_threads = false
pin_forum_threads = false
lock_forum_threads = false
move_forum_threads = false
view_forum_sections = true
view_hidden_forum_sections = false
view_forum_categories = true
=== the override reaches a category asked about directly
view_articles = true
rate_articles = true
create_articles = false
edit_articles = true
tag_articles = true
move_articles = true
lock_articles = false
manage_article_files = false
delete_articles = true
reset_article_votes = false
comment_articles = true
view_article_comments = true
manage_article_authors = false
view_forum_posts = true
create_forum_posts = true
edit_forum_posts = false
delete_forum_posts = false
view_forum_threads = true
create_forum_threads = true
edit_forum_threads = false
pin_forum_threads = false
lock_forum_threads = false
move_forum_threads = false
view_forum_sections = true
view_hidden_forum_sections = false
view_forum_categories = true
=== a locked article takes six permissions from whoever cannot unlock
view_articles = true
rate_articles = true
create_articles = false
edit_articles = false
tag_articles = false
move_articles = false
lock_articles = false
manage_article_files = false
delete_articles = false
reset_article_votes = false
comment_articles = true
view_article_comments = true
manage_article_authors = false
view_forum_posts = true
create_forum_posts = true
edit_forum_posts = false
delete_forum_posts = false
view_forum_threads = true
create_forum_threads = true
edit_forum_threads = false
pin_forum_threads = false
lock_forum_threads = false
move_forum_threads = false
view_forum_sections = true
view_hidden_forum_sections = false
view_forum_categories = true
=== a locked article keeps everything for whoever can unlock
view_articles = true
rate_articles = true
create_articles = false
edit_articles = true
tag_articles = true
move_articles = true
lock_articles = true
manage_article_files = false
delete_articles = false
reset_article_votes = false
comment_articles = true
view_article_comments = true
manage_article_authors = false
view_forum_posts = true
create_forum_posts = true
edit_forum_posts = false
delete_forum_posts = false
view_forum_threads = true
create_forum_threads = true
edit_forum_threads = false
pin_forum_threads = false
lock_forum_threads = false
move_forum_threads = false
view_forum_sections = true
view_hidden_forum_sections = false
view_forum_categories = true
=== an author gains authorship management
view_articles = true
rate_articles = true
create_articles = false
edit_articles = true
tag_articles = true
move_articles = true
lock_articles = false
manage_article_files = false
delete_articles = false
reset_article_votes = false
comment_articles = true
view_article_comments = true
manage_article_authors = true
view_forum_posts = true
create_forum_posts = true
edit_forum_posts = false
delete_forum_posts = false
view_forum_threads = true
create_forum_threads = true
edit_forum_threads = false
pin_forum_threads = false
lock_forum_threads = false
move_forum_threads = false
view_forum_sections = true
view_hidden_forum_sections = false
view_forum_categories = true
=== a lock beats authorship
view_articles = true
rate_articles = true
create_articles = false
edit_articles = false
tag_articles = false
move_articles = false
lock_articles = false
manage_article_files = false
delete_articles = false
reset_article_votes = false
comment_articles = true
view_article_comments = true
manage_article_authors = false
view_forum_posts = true
create_forum_posts = true
edit_forum_posts = false
delete_forum_posts = false
view_forum_threads = true
create_forum_threads = true
edit_forum_threads = false
pin_forum_threads = false
lock_forum_threads = false
move_forum_threads = false
view_forum_sections = true
view_hidden_forum_sections = false
view_forum_categories = true
=== an inactive user gets nothing
view_articles = false
rate_articles = false
create_articles = false
edit_articles = false
tag_articles = false
move_articles = false
lock_articles = false
manage_article_files = false
delete_articles = false
reset_article_votes = false
comment_articles = false
view_article_comments = false
manage_article_authors = false
view_forum_posts = false
create_forum_posts = false
edit_forum_posts = false
delete_forum_posts = false
view_forum_threads = false
create_forum_threads = false
edit_forum_threads = false
pin_forum_threads = false
lock_forum_threads = false
move_forum_threads = false
view_forum_sections = false
view_hidden_forum_sections = false
view_forum_categories = false
=== a superuser gets everything
view_articles = true
rate_articles = true
create_articles = true
edit_articles = true
tag_articles = true
move_articles = true
lock_articles = true
manage_article_files = true
delete_articles = true
reset_article_votes = true
comment_articles = true
view_article_comments = true
manage_article_authors = true
view_forum_posts = true
create_forum_posts = true
edit_forum_posts = true
delete_forum_posts = true
view_forum_threads = true
create_forum_threads = true
edit_forum_threads = true
pin_forum_threads = true
lock_forum_threads = true
move_forum_threads = true
view_forum_sections = true
view_hidden_forum_sections = true
view_forum_categories = true
=== an inactive superuser gets nothing
view_articles = false
rate_articles = false
create_articles = false
edit_articles = false
tag_articles = false
move_articles = false
lock_articles = false
manage_article_files = false
delete_articles = false
reset_article_votes = false
comment_articles = false
view_article_comments = false
manage_article_authors = false
view_forum_posts = false
create_forum_posts = false
edit_forum_posts = false
delete_forum_posts = false
view_forum_threads = false
create_forum_threads = false
edit_forum_threads = false
pin_forum_threads = false
lock_forum_threads = false
move_forum_threads = false
view_forum_sections = false
view_hidden_forum_sections = false
view_forum_categories = false
=== a plain forum section
view_articles = true
rate_articles = true
create_articles = false
edit_articles = false
tag_articles = false
move_articles = false
lock_articles = false
manage_article_files = false
delete_articles = false
reset_article_votes = false
comment_articles = true
view_article_comments = true
manage_article_authors = false
view_forum_posts = true
create_forum_posts = true
edit_forum_posts = false
delete_forum_posts = false
view_forum_threads = true
create_forum_threads = true
edit_forum_threads = false
pin_forum_threads = false
lock_forum_threads = false
move_forum_threads = false
view_forum_sections = true
view_hidden_forum_sections = false
view_forum_categories = true
=== a section hidden for users takes browsing away
view_articles = true
rate_articles = true
create_articles = false
edit_articles = false
tag_articles = false
move_articles = false
lock_articles = false
manage_article_files = false
delete_articles = false
reset_article_votes = false
comment_articles = true
view_article_comments = true
manage_article_authors = false
view_forum_posts = true
create_forum_posts = true
edit_forum_posts = false
delete_forum_posts = false
view_forum_threads = true
create_forum_threads = true
edit_forum_threads = false
pin_forum_threads = false
lock_forum_threads = false
move_forum_threads = false
view_forum_sections = false
view_hidden_forum_sections = false
view_forum_categories = true
=== a hidden section keeps browsing for whoever may see hidden ones
view_articles = true
rate_articles = true
create_articles = false
edit_articles = false
tag_articles = false
move_articles = false
lock_articles = false
manage_article_files = false
delete_articles = false
reset_article_votes = false
comment_articles = true
view_article_comments = true
manage_article_authors = false
view_forum_posts = true
create_forum_posts = true
edit_forum_posts = false
delete_forum_posts = false
view_forum_threads = true
create_forum_threads = true
edit_forum_threads = false
pin_forum_threads = false
lock_forum_threads = false
move_forum_threads = false
view_forum_sections = true
view_hidden_forum_sections = true
view_forum_categories = true
=== a hidden section takes nothing from someone who could not browse anyway
view_articles = false
rate_articles = false
create_articles = false
edit_articles = false
tag_articles = false
move_articles = false
lock_articles = false
manage_article_files = false
delete_articles = false
reset_article_votes = false
comment_articles = false
view_article_comments = false
manage_article_authors = false
view_forum_posts = false
create_forum_posts = false
edit_forum_posts = false
delete_forum_posts = false
view_forum_threads = false
create_forum_threads = false
edit_forum_threads = false
pin_forum_threads = false
lock_forum_threads = false
move_forum_threads = false
view_forum_sections = false
view_hidden_forum_sections = false
view_forum_categories = false
=== a plain thread
view_articles = true
rate_articles = true
create_articles = false
edit_articles = false
tag_articles = false
move_articles = false
lock_articles = false
manage_article_files = false
delete_articles = false
reset_article_votes = false
comment_articles = true
view_article_comments = true
manage_article_authors = false
view_forum_posts = true
create_forum_posts = true
edit_forum_posts = false
delete_forum_posts = false
view_forum_threads = true
create_forum_threads = true
edit_forum_threads = false
pin_forum_threads = false
lock_forum_threads = false
move_forum_threads = false
view_forum_sections = true
view_hidden_forum_sections = false
view_forum_categories = true
=== the author of a thread may edit it
view_articles = true
rate_articles = true
create_articles = false
edit_articles = false
tag_articles = false
move_articles = false
lock_articles = false
manage_article_files = false
delete_articles = false
reset_article_votes = false
comment_articles = true
view_article_comments = true
manage_article_authors = false
view_forum_posts = true
create_forum_posts = true
edit_forum_posts = false
delete_forum_posts = false
view_forum_threads = true
create_forum_threads = true
edit_forum_threads = true
pin_forum_threads = false
lock_forum_threads = false
move_forum_threads = false
view_forum_sections = true
view_hidden_forum_sections = false
view_forum_categories = true
=== a locked thread silences whoever cannot unlock
view_articles = true
rate_articles = true
create_articles = false
edit_articles = false
tag_articles = false
move_articles = false
lock_articles = false
manage_article_files = false
delete_articles = false
reset_article_votes = false
comment_articles = false
view_article_comments = true
manage_article_authors = false
view_forum_posts = true
create_forum_posts = false
edit_forum_posts = false
delete_forum_posts = false
view_forum_threads = true
create_forum_threads = true
edit_forum_threads = false
pin_forum_threads = false
lock_forum_threads = false
move_forum_threads = false
view_forum_sections = true
view_hidden_forum_sections = false
view_forum_categories = true
=== a locked thread silences its own author too
view_articles = true
rate_articles = true
create_articles = false
edit_articles = false
tag_articles = false
move_articles = false
lock_articles = false
manage_article_files = false
delete_articles = false
reset_article_votes = false
comment_articles = false
view_article_comments = true
manage_article_authors = false
view_forum_posts = true
create_forum_posts = false
edit_forum_posts = false
delete_forum_posts = false
view_forum_threads = true
create_forum_threads = true
edit_forum_threads = false
pin_forum_threads = false
lock_forum_threads = false
move_forum_threads = false
view_forum_sections = true
view_hidden_forum_sections = false
view_forum_categories = true
=== a locked thread leaves everything to whoever may unlock
view_articles = true
rate_articles = true
create_articles = false
edit_articles = false
tag_articles = false
move_articles = false
lock_articles = false
manage_article_files = false
delete_articles = false
reset_article_votes = false
comment_articles = true
view_article_comments = true
manage_article_authors = false
view_forum_posts = true
create_forum_posts = true
edit_forum_posts = false
delete_forum_posts = false
view_forum_threads = true
create_forum_threads = true
edit_forum_threads = false
pin_forum_threads = false
lock_forum_threads = true
move_forum_threads = false
view_forum_sections = true
view_hidden_forum_sections = false
view_forum_categories = true
=== a user barred from the forum is silenced on an open thread
view_articles = true
rate_articles = true
create_articles = false
edit_articles = false
tag_articles = false
move_articles = false
lock_articles = false
manage_article_files = false
delete_articles = false
reset_article_votes = false
comment_articles = false
view_article_comments = true
manage_article_authors = false
view_forum_posts = true
create_forum_posts = false
edit_forum_posts = false
delete_forum_posts = false
view_forum_threads = true
create_forum_threads = true
edit_forum_threads = false
pin_forum_threads = false
lock_forum_threads = false
move_forum_threads = false
view_forum_sections = true
view_hidden_forum_sections = false
view_forum_categories = true
=== an anonymous visitor is never barred from the forum
view_articles = true
rate_articles = false
create_articles = false
edit_articles = false
tag_articles = false
move_articles = false
lock_articles = false
manage_article_files = false
delete_articles = false
reset_article_votes = false
comment_articles = false
view_article_comments = true
manage_article_authors = false
view_forum_posts = true
create_forum_posts = false
edit_forum_posts = false
delete_forum_posts = false
view_forum_threads = true
create_forum_threads = false
edit_forum_threads = false
pin_forum_threads = false
lock_forum_threads = false
move_forum_threads = false
view_forum_sections = true
view_hidden_forum_sections = false
view_forum_categories = true
=== an anonymous visitor keeps what everyone grants on a thread
view_articles = false
rate_articles = false
create_articles = false
edit_articles = false
tag_articles = false
move_articles = false
lock_articles = false
manage_article_files = false
delete_articles = false
reset_article_votes = false
comment_articles = true
view_article_comments = false
manage_article_authors = false
view_forum_posts = false
create_forum_posts = true
edit_forum_posts = false
delete_forum_posts = false
view_forum_threads = true
create_forum_threads = false
edit_forum_threads = false
pin_forum_threads = false
lock_forum_threads = false
move_forum_threads = false
view_forum_sections = false
view_hidden_forum_sections = false
view_forum_categories = false
=== a plain post
view_articles = true
rate_articles = true
create_articles = false
edit_articles = false
tag_articles = false
move_articles = false
lock_articles = false
manage_article_files = false
delete_articles = false
reset_article_votes = false
comment_articles = true
view_article_comments = true
manage_article_authors = false
view_forum_posts = true
create_forum_posts = true
edit_forum_posts = false
delete_forum_posts = false
view_forum_threads = true
create_forum_threads = true
edit_forum_threads = false
pin_forum_threads = false
lock_forum_threads = false
move_forum_threads = false
view_forum_sections = true
view_hidden_forum_sections = false
view_forum_categories = true
=== the author of a post may edit it
view_articles = true
rate_articles = true
create_articles = false
edit_articles = false
tag_articles = false
move_articles = false
lock_articles = false
manage_article_files = false
delete_articles = false
reset_article_votes = false
comment_articles = true
view_article_comments = true
manage_article_authors = false
view_forum_posts = true
create_forum_posts = true
edit_forum_posts = true
delete_forum_posts = false
view_forum_threads = true
create_forum_threads = true
edit_forum_threads = false
pin_forum_threads = false
lock_forum_threads = false
move_forum_threads = false
view_forum_sections = true
view_hidden_forum_sections = false
view_forum_categories = true
=== the author of a post who may not write posts gains nothing
view_articles = false
rate_articles = false
create_articles = false
edit_articles = false
tag_articles = false
move_articles = false
lock_articles = false
manage_article_files = false
delete_articles = false
reset_article_votes = false
comment_articles = false
view_article_comments = false
manage_article_authors = false
view_forum_posts = true
create_forum_posts = false
edit_forum_posts = false
delete_forum_posts = false
view_forum_threads = false
create_forum_threads = false
edit_forum_threads = false
pin_forum_threads = false
lock_forum_threads = false
move_forum_threads = false
view_forum_sections = false
view_hidden_forum_sections = false
view_forum_categories = false
=== a locked thread silences the author of a post under it
view_articles = true
rate_articles = true
create_articles = false
edit_articles = false
tag_articles = false
move_articles = false
lock_articles = false
manage_article_files = false
delete_articles = false
reset_article_votes = false
comment_articles = false
view_article_comments = true
manage_article_authors = false
view_forum_posts = true
create_forum_posts = false
edit_forum_posts = false
delete_forum_posts = false
view_forum_threads = true
create_forum_threads = true
edit_forum_threads = false
pin_forum_threads = false
lock_forum_threads = false
move_forum_threads = false
view_forum_sections = true
view_hidden_forum_sections = false
view_forum_categories = true
=== the author of a thread keeps editing it while reading a post under it
view_articles = true
rate_articles = true
create_articles = false
edit_articles = false
tag_articles = false
move_articles = false
lock_articles = false
manage_article_files = false
delete_articles = false
reset_article_votes = false
comment_articles = true
view_article_comments = true
manage_article_authors = false
view_forum_posts = true
create_forum_posts = true
edit_forum_posts = false
delete_forum_posts = false
view_forum_threads = true
create_forum_threads = true
edit_forum_threads = true
pin_forum_threads = false
lock_forum_threads = false
move_forum_threads = false
view_forum_sections = true
view_hidden_forum_sections = false
view_forum_categories = true
=== a superuser is not silenced by a locked thread
view_articles = true
rate_articles = true
create_articles = true
edit_articles = true
tag_articles = true
move_articles = true
lock_articles = true
manage_article_files = true
delete_articles = true
reset_article_votes = true
comment_articles = true
view_article_comments = true
manage_article_authors = true
view_forum_posts = true
create_forum_posts = true
edit_forum_posts = true
delete_forum_posts = true
view_forum_threads = true
create_forum_threads = true
edit_forum_threads = true
pin_forum_threads = true
lock_forum_threads = true
move_forum_threads = true
view_forum_sections = true
view_hidden_forum_sections = true
view_forum_categories = true
