=== single-page

=== no-pages

=== total-2-page-1
<div class="pager">
                <span class="pager-no">第&nbsp;1&nbsp页; 共&nbsp;2&nbsp;页</span>
                
                
                    
                        <span class="1 target current">1</span>
                    
                
                
                
                
                
                    
                        <span class="3 target"><a href="/main/p/2" data-pagination-target="2">2</a></span>
                    
                
                
                    <span class="target"><a href="/main/p/2" data-pagination-target="2">下一页&nbsp;&raquo;</a></span>
                
            </div>
=== total-2-page-2
<div class="pager">
                <span class="pager-no">第&nbsp;2&nbsp页; 共&nbsp;2&nbsp;页</span>
                
                    <span class="target"><a href="/main/p/1" data-pagination-target="1">&laquo;&nbsp;上一页</a></span>
                
                
                    
                        <span class="1 target"><a href="/main/p/1" data-pagination-target="1">1</a></span>
                    
                
                
                
                
                
                    
                        <span class="3 target current">2</span>
                    
                
                
            </div>
=== total-2-page-1
<div class="pager">
                <span class="pager-no">第&nbsp;1&nbsp页; 共&nbsp;2&nbsp;页</span>
                
                
                    
                        <span class="1 target current">1</span>
                    
                
                
                
                
                
                    
                        <span class="3 target"><a href="/main/p/2" data-pagination-target="2">2</a></span>
                    
                
                
                    <span class="target"><a href="/main/p/2" data-pagination-target="2">下一页&nbsp;&raquo;</a></span>
                
            </div>
=== total-2-page-2
<div class="pager">
                <span class="pager-no">第&nbsp;2&nbsp页; 共&nbsp;2&nbsp;页</span>
                
                    <span class="target"><a href="/main/p/1" data-pagination-target="1">&laquo;&nbsp;上一页</a></span>
                
                
                    
                        <span class="1 target"><a href="/main/p/1" data-pagination-target="1">1</a></span>
                    
                
                
                
                
                
                    
                        <span class="3 target current">2</span>
                    
                
                
            </div>
=== total-3-page-1
<div class="pager">
                <span class="pager-no">第&nbsp;1&nbsp页; 共&nbsp;3&nbsp;页</span>
                
                
                    
                        <span class="1 target current">1</span>
                    
                
                    
                        <span class="1 target"><a href="/main/p/2" data-pagination-target="2">2</a></span>
                    
                
                
                
                
                
                    
                        <span class="3 target"><a href="/main/p/3" data-pagination-target="3">3</a></span>
                    
                
                
                    <span class="target"><a href="/main/p/2" data-pagination-target="2">下一页&nbsp;&raquo;</a></span>
                
            </div>
=== total-3-page-2
<div class="pager">
                <span class="pager-no">第&nbsp;2&nbsp页; 共&nbsp;3&nbsp;页</span>
                
                    <span class="target"><a href="/main/p/1" data-pagination-target="1">&laquo;&nbsp;上一页</a></span>
                
                
                    
                        <span class="1 target"><a href="/main/p/1" data-pagination-target="1">1</a></span>
                    
                
                    
                        <span class="1 target current">2</span>
                    
                
                
                
                
                
                    
                        <span class="3 target"><a href="/main/p/3" data-pagination-target="3">3</a></span>
                    
                
                
                    <span class="target"><a href="/main/p/3" data-pagination-target="3">下一页&nbsp;&raquo;</a></span>
                
            </div>
=== total-3-page-3
<div class="pager">
                <span class="pager-no">第&nbsp;3&nbsp页; 共&nbsp;3&nbsp;页</span>
                
                    <span class="target"><a href="/main/p/2" data-pagination-target="2">&laquo;&nbsp;上一页</a></span>
                
                
                    
                        <span class="1 target"><a href="/main/p/1" data-pagination-target="1">1</a></span>
                    
                
                    
                        <span class="1 target"><a href="/main/p/2" data-pagination-target="2">2</a></span>
                    
                
                
                
                
                
                    
                        <span class="3 target current">3</span>
                    
                
                
            </div>
=== total-3-page-2
<div class="pager">
                <span class="pager-no">第&nbsp;2&nbsp页; 共&nbsp;3&nbsp;页</span>
                
                    <span class="target"><a href="/main/p/1" data-pagination-target="1">&laquo;&nbsp;上一页</a></span>
                
                
                    
                        <span class="1 target"><a href="/main/p/1" data-pagination-target="1">1</a></span>
                    
                
                    
                        <span class="1 target current">2</span>
                    
                
                
                
                
                
                    
                        <span class="3 target"><a href="/main/p/3" data-pagination-target="3">3</a></span>
                    
                
                
                    <span class="target"><a href="/main/p/3" data-pagination-target="3">下一页&nbsp;&raquo;</a></span>
                
            </div>
=== total-3-page-3
<div class="pager">
                <span class="pager-no">第&nbsp;3&nbsp页; 共&nbsp;3&nbsp;页</span>
                
                    <span class="target"><a href="/main/p/2" data-pagination-target="2">&laquo;&nbsp;上一页</a></span>
                
                
                    
                        <span class="1 target"><a href="/main/p/1" data-pagination-target="1">1</a></span>
                    
                
                    
                        <span class="1 target"><a href="/main/p/2" data-pagination-target="2">2</a></span>
                    
                
                
                
                
                
                    
                        <span class="3 target current">3</span>
                    
                
                
            </div>
=== total-4-page-1
<div class="pager">
                <span class="pager-no">第&nbsp;1&nbsp页; 共&nbsp;4&nbsp;页</span>
                
                
                    
                        <span class="1 target current">1</span>
                    
                
                    
                        <span class="1 target"><a href="/main/p/2" data-pagination-target="2">2</a></span>
                    
                
                    
                        <span class="1 target"><a href="/main/p/3" data-pagination-target="3">3</a></span>
                    
                
                
                
                
                
                    
                        <span class="3 target"><a href="/main/p/4" data-pagination-target="4">4</a></span>
                    
                
                
                    <span class="target"><a href="/main/p/2" data-pagination-target="2">下一页&nbsp;&raquo;</a></span>
                
            </div>
=== total-4-page-2
<div class="pager">
                <span class="pager-no">第&nbsp;2&nbsp页; 共&nbsp;4&nbsp;页</span>
                
                    <span class="target"><a href="/main/p/1" data-pagination-target="1">&laquo;&nbsp;上一页</a></span>
                
                
                    
                        <span class="1 target"><a href="/main/p/1" data-pagination-target="1">1</a></span>
                    
                
                    
                        <span class="1 target current">2</span>
                    
                
                    
                        <span class="1 target"><a href="/main/p/3" data-pagination-target="3">3</a></span>
                    
                
                
                
                
                
                    
                        <span class="3 target"><a href="/main/p/4" data-pagination-target="4">4</a></span>
                    
                
                
                    <span class="target"><a href="/main/p/3" data-pagination-target="3">下一页&nbsp;&raquo;</a></span>
                
            </div>
=== total-4-page-3
<div class="pager">
                <span class="pager-no">第&nbsp;3&nbsp页; 共&nbsp;4&nbsp;页</span>
                
                    <span class="target"><a href="/main/p/2" data-pagination-target="2">&laquo;&nbsp;上一页</a></span>
                
                
                    
                        <span class="1 target"><a href="/main/p/1" data-pagination-target="1">1</a></span>
                    
                
                    
                        <span class="1 target"><a href="/main/p/2" data-pagination-target="2">2</a></span>
                    
                
                    
                        <span class="1 target current">3</span>
                    
                
                
                
                
                
                    
                        <span class="3 target"><a href="/main/p/4" data-pagination-target="4">4</a></span>
                    
                
                
                    <span class="target"><a href="/main/p/4" data-pagination-target="4">下一页&nbsp;&raquo;</a></span>
                
            </div>
=== total-4-page-4
<div class="pager">
                <span class="pager-no">第&nbsp;4&nbsp页; 共&nbsp;4&nbsp;页</span>
                
                    <span class="target"><a href="/main/p/3" data-pagination-target="3">&laquo;&nbsp;上一页</a></span>
                
                
                    
                        <span class="1 target"><a href="/main/p/1" data-pagination-target="1">1</a></span>
                    
                
                    
                        <span class="1 target"><a href="/main/p/2" data-pagination-target="2">2</a></span>
                    
                
                    
                        <span class="1 target"><a href="/main/p/3" data-pagination-target="3">3</a></span>
                    
                
                
                
                
                
                    
                        <span class="3 target current">4</span>
                    
                
                
            </div>
=== total-4-page-3
<div class="pager">
                <span class="pager-no">第&nbsp;3&nbsp页; 共&nbsp;4&nbsp;页</span>
                
                    <span class="target"><a href="/main/p/2" data-pagination-target="2">&laquo;&nbsp;上一页</a></span>
                
                
                    
                        <span class="1 target"><a href="/main/p/1" data-pagination-target="1">1</a></span>
                    
                
                    
                        <span class="1 target"><a href="/main/p/2" data-pagination-target="2">2</a></span>
                    
                
                    
                        <span class="1 target current">3</span>
                    
                
                
                
                
                
                    
                        <span class="3 target"><a href="/main/p/4" data-pagination-target="4">4</a></span>
                    
                
                
                    <span class="target"><a href="/main/p/4" data-pagination-target="4">下一页&nbsp;&raquo;</a></span>
                
            </div>
=== total-4-page-4
<div class="pager">
                <span class="pager-no">第&nbsp;4&nbsp页; 共&nbsp;4&nbsp;页</span>
                
                    <span class="target"><a href="/main/p/3" data-pagination-target="3">&laquo;&nbsp;上一页</a></span>
                
                
                    
                        <span class="1 target"><a href="/main/p/1" data-pagination-target="1">1</a></span>
                    
                
                    
                        <span class="1 target"><a href="/main/p/2" data-pagination-target="2">2</a></span>
                    
                
                    
                        <span class="1 target"><a href="/main/p/3" data-pagination-target="3">3</a></span>
                    
                
                
                
                
                
                    
                        <span class="3 target current">4</span>
                    
                
                
            </div>
=== total-5-page-1
<div class="pager">
                <span class="pager-no">第&nbsp;1&nbsp页; 共&nbsp;5&nbsp;页</span>
                
                
                    
                        <span class="1 target current">1</span>
                    
                
                    
                        <span class="1 target"><a href="/main/p/2" data-pagination-target="2">2</a></span>
                    
                
                    
                        <span class="1 target"><a href="/main/p/3" data-pagination-target="3">3</a></span>
                    
                
                
                
                
                
                    
                        <span class="3 target"><a href="/main/p/4" data-pagination-target="4">4</a></span>
                    
                
                    
                        <span class="3 target"><a href="/main/p/5" data-pagination-target="5">5</a></span>
                    
                
                
                    <span class="target"><a href="/main/p/2" data-pagination-target="2">下一页&nbsp;&raquo;</a></span>
                
            </div>
=== total-5-page-2
<div class="pager">
                <span class="pager-no">第&nbsp;2&nbsp页; 共&nbsp;5&nbsp;页</span>
                
                    <span class="target"><a href="/main/p/1" data-pagination-target="1">&laquo;&nbsp;上一页</a></span>
                
                
                    
                        <span class="1 target"><a href="/main/p/1" data-pagination-target="1">1</a></span>
                    
                
                    
                        <span class="1 target current">2</span>
                    
                
                    
                        <span class="1 target"><a href="/main/p/3" data-pagination-target="3">3</a></span>
                    
                
                
                
                
                
                    
                        <span class="3 target"><a href="/main/p/4" data-pagination-target="4">4</a></span>
                    
                
                    
                        <span class="3 target"><a href="/main/p/5" data-pagination-target="5">5</a></span>
                    
                
                
                    <span class="target"><a href="/main/p/3" data-pagination-target="3">下一页&nbsp;&raquo;</a></span>
                
            </div>
=== total-5-page-3
<div class="pager">
                <span class="pager-no">第&nbsp;3&nbsp页; 共&nbsp;5&nbsp;页</span>
                
                    <span class="target"><a href="/main/p/2" data-pagination-target="2">&laquo;&nbsp;上一页</a></span>
                
                
                    
                        <span class="1 target"><a href="/main/p/1" data-pagination-target="1">1</a></span>
                    
                
                    
                        <span class="1 target"><a href="/main/p/2" data-pagination-target="2">2</a></span>
                    
                
                    
                        <span class="1 target current">3</span>
                    
                
                
                
                
                
                    
                        <span class="3 target"><a href="/main/p/4" data-pagination-target="4">4</a></span>
                    
                
                    
                        <span class="3 target"><a href="/main/p/5" data-pagination-target="5">5</a></span>
                    
                
                
                    <span class="target"><a href="/main/p/4" data-pagination-target="4">下一页&nbsp;&raquo;</a></span>
                
            </div>
=== total-5-page-4
<div class="pager">
                <span class="pager-no">第&nbsp;4&nbsp页; 共&nbsp;5&nbsp;页</span>
                
                    <span class="target"><a href="/main/p/3" data-pagination-target="3">&laquo;&nbsp;上一页</a></span>
                
                
                    
                        <span class="1 target"><a href="/main/p/1" data-pagination-target="1">1</a></span>
                    
                
                    
                        <span class="1 target"><a href="/main/p/2" data-pagination-target="2">2</a></span>
                    
                
                    
                        <span class="1 target"><a href="/main/p/3" data-pagination-target="3">3</a></span>
                    
                
                
                
                
                
                    
                        <span class="3 target current">4</span>
                    
                
                    
                        <span class="3 target"><a href="/main/p/5" data-pagination-target="5">5</a></span>
                    
                
                
                    <span class="target"><a href="/main/p/5" data-pagination-target="5">下一页&nbsp;&raquo;</a></span>
                
            </div>
=== total-5-page-5
<div class="pager">
                <span class="pager-no">第&nbsp;5&nbsp页; 共&nbsp;5&nbsp;页</span>
                
                    <span class="target"><a href="/main/p/4" data-pagination-target="4">&laquo;&nbsp;上一页</a></span>
                
                
                    
                        <span class="1 target"><a href="/main/p/1" data-pagination-target="1">1</a></span>
                    
                
                    
                        <span class="1 target"><a href="/main/p/2" data-pagination-target="2">2</a></span>
                    
                
                
                
                
                
                    
                        <span class="3 target"><a href="/main/p/3" data-pagination-target="3">3</a></span>
                    
                
                    
                        <span class="3 target"><a href="/main/p/4" data-pagination-target="4">4</a></span>
                    
                
                    
                        <span class="3 target current">5</span>
                    
                
                
            </div>
=== total-5-page-4
<div class="pager">
                <span class="pager-no">第&nbsp;4&nbsp页; 共&nbsp;5&nbsp;页</span>
                
                    <span class="target"><a href="/main/p/3" data-pagination-target="3">&laquo;&nbsp;上一页</a></span>
                
                
                    
                        <span class="1 target"><a href="/main/p/1" data-pagination-target="1">1</a></span>
                    
                
                    
                        <span class="1 target"><a href="/main/p/2" data-pagination-target="2">2</a></span>
                    
                
                    
                        <span class="1 target"><a href="/main/p/3" data-pagination-target="3">3</a></span>
                    
                
                
                
                
                
                    
                        <span class="3 target current">4</span>
                    
                
                    
                        <span class="3 target"><a href="/main/p/5" data-pagination-target="5">5</a></span>
                    
                
                
                    <span class="target"><a href="/main/p/5" data-pagination-target="5">下一页&nbsp;&raquo;</a></span>
                
            </div>
=== total-5-page-5
<div class="pager">
                <span class="pager-no">第&nbsp;5&nbsp页; 共&nbsp;5&nbsp;页</span>
                
                    <span class="target"><a href="/main/p/4" data-pagination-target="4">&laquo;&nbsp;上一页</a></span>
                
                
                    
                        <span class="1 target"><a href="/main/p/1" data-pagination-target="1">1</a></span>
                    
                
                    
                        <span class="1 target"><a href="/main/p/2" data-pagination-target="2">2</a></span>
                    
                
                
                
                
                
                    
                        <span class="3 target"><a href="/main/p/3" data-pagination-target="3">3</a></span>
                    
                
                    
                        <span class="3 target"><a href="/main/p/4" data-pagination-target="4">4</a></span>
                    
                
                    
                        <span class="3 target current">5</span>
                    
                
                
            </div>
=== total-6-page-1
<div class="pager">
                <span class="pager-no">第&nbsp;1&nbsp页; 共&nbsp;6&nbsp;页</span>
                
                
                    
                        <span class="1 target current">1</span>
                    
                
                    
                        <span class="1 target"><a href="/main/p/2" data-pagination-target="2">2</a></span>
                    
                
                    
                        <span class="1 target"><a href="/main/p/3" data-pagination-target="3">3</a></span>
                    
                
                
                
                
                    <span class="dots">...</span>
                
                
                    
                        <span class="3 target"><a href="/main/p/5" data-pagination-target="5">5</a></span>
                    
                
                    
                        <span class="3 target"><a href="/main/p/6" data-pagination-target="6">6</a></span>
                    
                
                
                    <span class="target"><a href="/main/p/2" data-pagination-target="2">下一页&nbsp;&raquo;</a></span>
                
            </div>
=== total-6-page-2
<div class="pager">
                <span class="pager-no">第&nbsp;2&nbsp页; 共&nbsp;6&nbsp;页</span>
                
                    <span class="target"><a href="/main/p/1" data-pagination-target="1">&laquo;&nbsp;上一页</a></span>
                
                
                    
                        <span class="1 target"><a href="/main/p/1" data-pagination-target="1">1</a></span>
                    
                
                    
                        <span class="1 target current">2</span>
                    
                
                    
                        <span class="1 target"><a href="/main/p/3" data-pagination-target="3">3</a></span>
                    
                
                
                
                
                
                    
                        <span class="3 target"><a href="/main/p/4" data-pagination-target="4">4</a></span>
                    
                
                    
                        <span class="3 target"><a href="/main/p/5" data-pagination-target="5">5</a></span>
                    
                
                    
                        <span class="3 target"><a href="/main/p/6" data-pagination-target="6">6</a></span>
                    
                
                
                    <span class="target"><a href="/main/p/3" data-pagination-target="3">下一页&nbsp;&raquo;</a></span>
                
            </div>
=== total-6-page-3
<div class="pager">
                <span class="pager-no">第&nbsp;3&nbsp页; 共&nbsp;6&nbsp;页</span>
                
                    <span class="target"><a href="/main/p/2" data-pagination-target="2">&laquo;&nbsp;上一页</a></span>
                
                
                    
                        <span class="1 target"><a href="/main/p/1" data-pagination-target="1">1</a></span>
                    
                
                    
                        <span class="1 target"><a href="/main/p/2" data-pagination-target="2">2</a></span>
                    
                
                    
                        <span class="1 target current">3</span>
                    
                
                
                
                
                
                    
                        <span class="3 target"><a href="/main/p/4" data-pagination-target="4">4</a></span>
                    
                
                    
                        <span class="3 target"><a href="/main/p/5" data-pagination-target="5">5</a></span>
                    
                
                    
                        <span class="3 target"><a href="/main/p/6" data-pagination-target="6">6</a></span>
                    
                
                
                    <span class="target"><a href="/main/p/4" data-pagination-target="4">下一页&nbsp;&raquo;</a></span>
                
            </div>
=== total-6-page-4
<div class="pager">
                <span class="pager-no">第&nbsp;4&nbsp页; 共&nbsp;6&nbsp;页</span>
                
                    <span class="target"><a href="/main/p/3" data-pagination-target="3">&laquo;&nbsp;上一页</a></span>
                
                
                    
                        <span class="1 target"><a href="/main/p/1" data-pagination-target="1">1</a></span>
                    
                
                    
                        <span class="1 target"><a href="/main/p/2" data-pagination-target="2">2</a></span>
                    
                
                    
                        <span class="1 target"><a href="/main/p/3" data-pagination-target="3">3</a></span>
                    
                
                
                
                
                
                    
                        <span class="3 target current">4</span>
                    
                
                    
                        <span class="3 target"><a href="/main/p/5" data-pagination-target="5">5</a></span>
                    
                
                    
                        <span class="3 target"><a href="/main/p/6" data-pagination-target="6">6</a></span>
                    
                
                
                    <span class="target"><a href="/main/p/5" data-pagination-target="5">下一页&nbsp;&raquo;</a></span>
                
            </div>
=== total-6-page-5
<div class="pager">
                <span class="pager-no">第&nbsp;5&nbsp页; 共&nbsp;6&nbsp;页</span>
                
                    <span class="target"><a href="/main/p/4" data-pagination-target="4">&laquo;&nbsp;上一页</a></span>
                
                
                    
                        <span class="1 target"><a href="/main/p/1" data-pagination-target="1">1</a></span>
                    
                
                    
                        <span class="1 target"><a href="/main/p/2" data-pagination-target="2">2</a></span>
                    
                
                
                
                
                
                    
                        <span class="3 target"><a href="/main/p/3" data-pagination-target="3">3</a></span>
                    
                
                    
                        <span class="3 target"><a href="/main/p/4" data-pagination-target="4">4</a></span>
                    
                
                    
                        <span class="3 target current">5</span>
                    
                
                    
                        <span class="3 target"><a href="/main/p/6" data-pagination-target="6">6</a></span>
                    
                
                
                    <span class="target"><a href="/main/p/6" data-pagination-target="6">下一页&nbsp;&raquo;</a></span>
                
            </div>
=== total-6-page-6
<div class="pager">
                <span class="pager-no">第&nbsp;6&nbsp页; 共&nbsp;6&nbsp;页</span>
                
                    <span class="target"><a href="/main/p/5" data-pagination-target="5">&laquo;&nbsp;上一页</a></span>
                
                
                    
                        <span class="1 target"><a href="/main/p/1" data-pagination-target="1">1</a></span>
                    
                
                    
                        <span class="1 target"><a href="/main/p/2" data-pagination-target="2">2</a></span>
                    
                
                
                    <span class="dots">...</span>
                
                
                
                
                    
                        <span class="3 target"><a href="/main/p/3" data-pagination-target="3">3</a></span>
                    
                
                    
                        <span class="3 target"><a href="/main/p/4" data-pagination-target="4">4</a></span>
                    
                
                    
                        <span class="3 target"><a href="/main/p/5" data-pagination-target="5">5</a></span>
                    
                
                    
                        <span class="3 target current">6</span>
                    
                
                
            </div>
=== total-6-page-5
<div class="pager">
                <span class="pager-no">第&nbsp;5&nbsp页; 共&nbsp;6&nbsp;页</span>
                
                    <span class="target"><a href="/main/p/4" data-pagination-target="4">&laquo;&nbsp;上一页</a></span>
                
                
                    
                        <span class="1 target"><a href="/main/p/1" data-pagination-target="1">1</a></span>
                    
                
                    
                        <span class="1 target"><a href="/main/p/2" data-pagination-target="2">2</a></span>
                    
                
                
                
                
                
                    
                        <span class="3 target"><a href="/main/p/3" data-pagination-target="3">3</a></span>
                    
                
                    
                        <span class="3 target"><a href="/main/p/4" data-pagination-target="4">4</a></span>
                    
                
                    
                        <span class="3 target current">5</span>
                    
                
                    
                        <span class="3 target"><a href="/main/p/6" data-pagination-target="6">6</a></span>
                    
                
                
                    <span class="target"><a href="/main/p/6" data-pagination-target="6">下一页&nbsp;&raquo;</a></span>
                
            </div>
=== total-6-page-6
<div class="pager">
                <span class="pager-no">第&nbsp;6&nbsp页; 共&nbsp;6&nbsp;页</span>
                
                    <span class="target"><a href="/main/p/5" data-pagination-target="5">&laquo;&nbsp;上一页</a></span>
                
                
                    
                        <span class="1 target"><a href="/main/p/1" data-pagination-target="1">1</a></span>
                    
                
                    
                        <span class="1 target"><a href="/main/p/2" data-pagination-target="2">2</a></span>
                    
                
                
                    <span class="dots">...</span>
                
                
                
                
                    
                        <span class="3 target"><a href="/main/p/3" data-pagination-target="3">3</a></span>
                    
                
                    
                        <span class="3 target"><a href="/main/p/4" data-pagination-target="4">4</a></span>
                    
                
                    
                        <span class="3 target"><a href="/main/p/5" data-pagination-target="5">5</a></span>
                    
                
                    
                        <span class="3 target current">6</span>
                    
                
                
            </div>
=== total-7-page-1
<div class="pager">
                <span class="pager-no">第&nbsp;1&nbsp页; 共&nbsp;7&nbsp;页</span>
                
                
                    
                        <span class="1 target current">1</span>
                    
                
                    
                        <span class="1 target"><a href="/main/p/2" data-pagination-target="2">2</a></span>
                    
                
                    
                        <span class="1 target"><a href="/main/p/3" data-pagination-target="3">3</a></span>
                    
                
                
                
                
                    <span class="dots">...</span>
                
                
                    
                        <span class="3 target"><a href="/main/p/6" data-pagination-target="6">6</a></span>
                    
                
                    
                        <span class="3 target"><a href="/main/p/7" data-pagination-target="7">7</a></span>
                    
                
                
                    <span class="target"><a href="/main/p/2" data-pagination-target="2">下一页&nbsp;&raquo;</a></span>
                
            </div>
=== total-7-page-2
<div class="pager">
                <span class="pager-no">第&nbsp;2&nbsp页; 共&nbsp;7&nbsp;页</span>
                
                    <span class="target"><a href="/main/p/1" data-pagination-target="1">&laquo;&nbsp;上一页</a></span>
                
                
                    
                        <span class="1 target"><a href="/main/p/1" data-pagination-target="1">1</a></span>
                    
                
                    
                        <span class="1 target current">2</span>
                    
                
                    
                        <span class="1 target"><a href="/main/p/3" data-pagination-target="3">3</a></span>
                    
                
                
                
                    
                        <span class="2 target"><a href="/main/p/4" data-pagination-target="4">4</a></span>
                    
                
                
                    <span class="dots">...</span>
                
                
                    
                        <span class="3 target"><a href="/main/p/6" data-pagination-target="6">6</a></span>
                    
                
                    
                        <span class="3 target"><a href="/main/p/7" data-pagination-target="7">7</a></span>
                    
                
                
                    <span class="target"><a href="/main/p/3" data-pagination-target="3">下一页&nbsp;&raquo;</a></span>
                
            </div>
=== total-7-page-3
<div class="pager">
                <span class="pager-no">第&nbsp;3&nbsp页; 共&nbsp;7&nbsp;页</span>
                
                    <span class="target"><a href="/main/p/2" data-pagination-target="2">&laquo;&nbsp;上一页</a></span>
                
                
                    
                        <span class="1 target"><a href="/main/p/1" data-pagination-target="1">1</a></span>
                    
                
                    
                        <span class="1 target"><a href="/main/p/2" data-pagination-target="2">2</a></span>
                    
                
                    
                        <span class="1 target current">3</span>
                    
                
                
                
                
                
                    
                        <span class="3 target"><a href="/main/p/4" data-pagination-target="4">4</a></span>
                    
                
                    
                        <span class="3 target"><a href="/main/p/5" data-pagination-target="5">5</a></span>
                    
                
                    
                        <span class="3 target"><a href="/main/p/6" data-pagination-target="6">6</a></span>
                    
                
                    
                        <span class="3 target"><a href="/main/p/7" data-pagination-target="7">7</a></span>
                    
                
                
                    <span class="target"><a href="/main/p/4" data-pagination-target="4">下一页&nbsp;&raquo;</a></span>
                
            </div>
=== total-7-page-4
<div class="pager">
                <span class="pager-no">第&nbsp;4&nbsp页; 共&nbsp;7&nbsp;页</span>
                
                    <span class="target"><a href="/main/p/3" data-pagination-target="3">&laquo;&nbsp;上一页</a></span>
                
                
                    
                        <span class="1 target"><a href="/main/p/1" data-pagination-target="1">1</a></span>
                    
                
                    
                        <span class="1 target"><a href="/main/p/2" data-pagination-target="2">2</a></span>
                    
                
                    
                        <span class="1 target"><a href="/main/p/3" data-pagination-target="3">3</a></span>
                    
                
                
                
                
                
                    
                        <span class="3 target current">4</span>
                    
                
                    
                        <span class="3 target"><a href="/main/p/5" data-pagination-target="5">5</a></span>
                    
                
                    
                        <span class="3 target"><a href="/main/p/6" data-pagination-target="6">6</a></span>
                    
                
                    
                        <span class="3 target"><a href="/main/p/7" data-pagination-target="7">7</a></span>
                    
                
                
                    <span class="target"><a href="/main/p/5" data-pagination-target="5">下一页&nbsp;&raquo;</a></span>
                
            </div>
=== total-7-page-5
<div class="pager">
                <span class="pager-no">第&nbsp;5&nbsp页; 共&nbsp;7&nbsp;页</span>
                
                    <span class="target"><a href="/main/p/4" data-pagination-target="4">&laquo;&nbsp;上一页</a></span>
                
                
                    
                        <span class="1 target"><a href="/main/p/1" data-pagination-target="1">1</a></span>
                    
                
                    
                        <span class="1 target"><a href="/main/p/2" data-pagination-target="2">2</a></span>
                    
                
                
                
                    
                        <span class="2 target"><a href="/main/p/3" data-pagination-target="3">3</a></span>
                    
                
                
                
                    
                        <span class="3 target"><a href="/main/p/4" data-pagination-target="4">4</a></span>
                    
                
                    
                        <span class="3 target current">5</span>
                    
                
                    
                        <span class="3 target"><a href="/main/p/6" data-pagination-target="6">6</a></span>
                    
                
                    
                        <span class="3 target"><a href="/main/p/7" data-pagination-target="7">7</a></span>
                    
                
                
                    <span class="target"><a href="/main/p/6" data-pagination-target="6">下一页&nbsp;&raquo;</a></span>
                
            </div>
=== total-7-page-6
<div class="pager">
                <span class="pager-no">第&nbsp;6&nbsp页; 共&nbsp;7&nbsp;页</span>
                
                    <span class="target"><a href="/main/p/5" data-pagination-target="5">&laquo;&nbsp;上一页</a></span>
                
                
                    
                        <span class="1 target"><a href="/main/p/1" data-pagination-target="1">1</a></span>
                    
                
                    
                        <span class="1 target"><a href="/main/p/2" data-pagination-target="2">2</a></span>
                    
                
                
                    <span class="dots">...</span>
                
                
                
                
                    
                        <span class="3 target"><a href="/main/p/4" data-pagination-target="4">4</a></span>
                    
                
                    
                        <span class="3 target"><a href="/main/p/5" data-pagination-target="5">5</a></span>
                    
                
                    
                        <span class="3 target current">6</span>
                    
                
                    
                        <span class="3 target"><a href="/main/p/7" data-pagination-target="7">7</a></span>
                    
                
                
                    <span class="target"><a href="/main/p/7" data-pagination-target="7">下一页&nbsp;&raquo;</a></span>
                
            </div>
=== total-7-page-6
<div class="pager">
                <span class="pager-no">第&nbsp;6&nbsp页; 共&nbsp;7&nbsp;页</span>
                
                    <span class="target"><a href="/main/p/5" data-pagination-target="5">&laquo;&nbsp;上一页</a></span>
                
                
                    
                        <span class="1 target"><a href="/main/p/1" data-pagination-target="1">1</a></span>
                    
                
                    
                        <span class="1 target"><a href="/main/p/2" data-pagination-target="2">2</a></span>
                    
                
                
                    <span class="dots">...</span>
                
                
                
                
                    
                        <span class="3 target"><a href="/main/p/4" data-pagination-target="4">4</a></span>
                    
                
                    
                        <span class="3 target"><a href="/main/p/5" data-pagination-target="5">5</a></span>
                    
                
                    
                        <span class="3 target current">6</span>
                    
                
                    
                        <span class="3 target"><a href="/main/p/7" data-pagination-target="7">7</a></span>
                    
                
                
                    <span class="target"><a href="/main/p/7" data-pagination-target="7">下一页&nbsp;&raquo;</a></span>
                
            </div>
=== total-7-page-7
<div class="pager">
                <span class="pager-no">第&nbsp;7&nbsp页; 共&nbsp;7&nbsp;页</span>
                
                    <span class="target"><a href="/main/p/6" data-pagination-target="6">&laquo;&nbsp;上一页</a></span>
                
                
                    
                        <span class="1 target"><a href="/main/p/1" data-pagination-target="1">1</a></span>
                    
                
                    
                        <span class="1 target"><a href="/main/p/2" data-pagination-target="2">2</a></span>
                    
                
                
                    <span class="dots">...</span>
                
                
                
                
                    
                        <span class="3 target"><a href="/main/p/4" data-pagination-target="4">4</a></span>
                    
                
                    
                        <span class="3 target"><a href="/main/p/5" data-pagination-target="5">5</a></span>
                    
                
                    
                        <span class="3 target"><a href="/main/p/6" data-pagination-target="6">6</a></span>
                    
                
                    
                        <span class="3 target current">7</span>
                    
                
                
            </div>
=== total-9-page-1
<div class="pager">
                <span class="pager-no">第&nbsp;1&nbsp页; 共&nbsp;9&nbsp;页</span>
                
                
                    
                        <span class="1 target current">1</span>
                    
                
                    
                        <span class="1 target"><a href="/main/p/2" data-pagination-target="2">2</a></span>
                    
                
                    
                        <span class="1 target"><a href="/main/p/3" data-pagination-target="3">3</a></span>
                    
                
                
                
                
                    <span class="dots">...</span>
                
                
                    
                        <span class="3 target"><a href="/main/p/8" data-pagination-target="8">8</a></span>
                    
                
                    
                        <span class="3 target"><a href="/main/p/9" data-pagination-target="9">9</a></span>
                    
                
                
                    <span class="target"><a href="/main/p/2" data-pagination-target="2">下一页&nbsp;&raquo;</a></span>
                
            </div>
=== total-9-page-2
<div class="pager">
                <span class="pager-no">第&nbsp;2&nbsp页; 共&nbsp;9&nbsp;页</span>
                
                    <span class="target"><a href="/main/p/1" data-pagination-target="1">&laquo;&nbsp;上一页</a></span>
                
                
                    
                        <span class="1 target"><a href="/main/p/1" data-pagination-target="1">1</a></span>
                    
                
                    
                        <span class="1 target current">2</span>
                    
                
                    
                        <span class="1 target"><a href="/main/p/3" data-pagination-target="3">3</a></span>
                    
                
                
                
                    
                        <span class="2 target"><a href="/main/p/4" data-pagination-target="4">4</a></span>
                    
                
                
                    <span class="dots">...</span>
                
                
                    
                        <span class="3 target"><a href="/main/p/8" data-pagination-target="8">8</a></span>
                    
                
                    
                        <span class="3 target"><a href="/main/p/9" data-pagination-target="9">9</a></span>
                    
                
                
                    <span class="target"><a href="/main/p/3" data-pagination-target="3">下一页&nbsp;&raquo;</a></span>
                
            </div>
=== total-9-page-3
<div class="pager">
                <span class="pager-no">第&nbsp;3&nbsp页; 共&nbsp;9&nbsp;页</span>
                
                    <span class="target"><a href="/main/p/2" data-pagination-target="2">&laquo;&nbsp;上一页</a></span>
                
                
                    
                        <span class="1 target"><a href="/main/p/1" data-pagination-target="1">1</a></span>
                    
                
                    
                        <span class="1 target"><a href="/main/p/2" data-pagination-target="2">2</a></span>
                    
                
                    
                        <span class="1 target current">3</span>
                    
                
                
                
                    
                        <span class="2 target"><a href="/main/p/4" data-pagination-target="4">4</a></span>
                    
                
                    
                        <span class="2 target"><a href="/main/p/5" data-pagination-target="5">5</a></span>
                    
                
                
                    <span class="dots">...</span>
                
                
                    
                        <span class="3 target"><a href="/main/p/8" data-pagination-target="8">8</a></span>
                    
                
                    
                        <span class="3 target"><a href="/main/p/9" data-pagination-target="9">9</a></span>
                    
                
                
                    <span class="target"><a href="/main/p/4" data-pagination-target="4">下一页&nbsp;&raquo;</a></span>
                
            </div>
=== total-9-page-4
<div class="pager">
                <span class="pager-no">第&nbsp;4&nbsp页; 共&nbsp;9&nbsp;页</span>
                
                    <span class="target"><a href="/main/p/3" data-pagination-target="3">&laquo;&nbsp;上一页</a></span>
                
                
                    
                        <span class="1 target"><a href="/main/p/1" data-pagination-target="1">1</a></span>
                    
                
                    
                        <span class="1 target"><a href="/main/p/2" data-pagination-target="2">2</a></span>
                    
                
                    
                        <span class="1 target"><a href="/main/p/3" data-pagination-target="3">3</a></span>
                    
                
                
                
                    
                        <span class="2 target current">4</span>
                    
                
                    
                        <span class="2 target"><a href="/main/p/5" data-pagination-target="5">5</a></span>
                    
                
                    
                        <span class="2 target"><a href="/main/p/6" data-pagination-target="6">6</a></span>
                    
                
                
                    <span class="dots">...</span>
                
                
                    
                        <span class="3 target"><a href="/main/p/8" data-pagination-target="8">8</a></span>
                    
                
                    
                        <span class="3 target"><a href="/main/p/9" data-pagination-target="9">9</a></span>
                    
                
                
                    <span class="target"><a href="/main/p/5" data-pagination-target="5">下一页&nbsp;&raquo;</a></span>
                
            </div>
=== total-9-page-5
<div class="pager">
                <span class="pager-no">第&nbsp;5&nbsp页; 共&nbsp;9&nbsp;页</span>
                
                    <span class="target"><a href="/main/p/4" data-pagination-target="4">&laquo;&nbsp;上一页</a></span>
                
                
                    
                        <span class="1 target"><a href="/main/p/1" data-pagination-target="1">1</a></span>
                    
                
                    
                        <span class="1 target"><a href="/main/p/2" data-pagination-target="2">2</a></span>
                    
                
                
                
                    
                        <span class="2 target"><a href="/main/p/3" data-pagination-target="3">3</a></span>
                    
                
                    
                        <span class="2 target"><a href="/main/p/4" data-pagination-target="4">4</a></span>
                    
                
                    
                        <span class="2 target current">5</span>
                    
                
                
                
                    
                        <span class="3 target"><a href="/main/p/6" data-pagination-target="6">6</a></span>
                    
                
                    
                        <span class="3 target"><a href="/main/p/7" data-pagination-target="7">7</a></span>
                    
                
                    
                        <span class="3 target"><a href="/main/p/8" data-pagination-target="8">8</a></span>
                    
                
                    
                        <span class="3 target"><a href="/main/p/9" data-pagination-target="9">9</a></span>
                    
                
                
                    <span class="target"><a href="/main/p/6" data-pagination-target="6">下一页&nbsp;&raquo;</a></span>
                
            </div>
=== total-9-page-6
<div class="pager">
                <span class="pager-no">第&nbsp;6&nbsp页; 共&nbsp;9&nbsp;页</span>
                
                    <span class="target"><a href="/main/p/5" data-pagination-target="5">&laquo;&nbsp;上一页</a></span>
                
                
                    
                        <span class="1 target"><a href="/main/p/1" data-pagination-target="1">1</a></span>
                    
                
                    
                        <span class="1 target"><a href="/main/p/2" data-pagination-target="2">2</a></span>
                    
                
                
                    <span class="dots">...</span>
                
                
                    
                        <span class="2 target"><a href="/main/p/4" data-pagination-target="4">4</a></span>
                    
                
                    
                        <span class="2 target"><a href="/main/p/5" data-pagination-target="5">5</a></span>
                    
                
                
                
                    
                        <span class="3 target current">6</span>
                    
                
                    
                        <span class="3 target"><a href="/main/p/7" data-pagination-target="7">7</a></span>
                    
                
                    
                        <span class="3 target"><a href="/main/p/8" data-pagination-target="8">8</a></span>
                    
                
                    
                        <span class="3 target"><a href="/main/p/9" data-pagination-target="9">9</a></span>
                    
                
                
                    <span class="target"><a href="/main/p/7" data-pagination-target="7">下一页&nbsp;&raquo;</a></span>
                
            </div>
=== total-9-page-8
<div class="pager">
                <span class="pager-no">第&nbsp;8&nbsp页; 共&nbsp;9&nbsp;页</span>
                
                    <span class="target"><a href="/main/p/7" data-pagination-target="7">&laquo;&nbsp;上一页</a></span>
                
                
                    
                        <span class="1 target"><a href="/main/p/1" data-pagination-target="1">1</a></span>
                    
                
                    
                        <span class="1 target"><a href="/main/p/2" data-pagination-target="2">2</a></span>
                    
                
                
                    <span class="dots">...</span>
                
                
                
                
                    
                        <span class="3 target"><a href="/main/p/6" data-pagination-target="6">6</a></span>
                    
                
                    
                        <span class="3 target"><a href="/main/p/7" data-pagination-target="7">7</a></span>
                    
                
                    
                        <span class="3 target current">8</span>
                    
                
                    
                        <span class="3 target"><a href="/main/p/9" data-pagination-target="9">9</a></span>
                    
                
                
                    <span class="target"><a href="/main/p/9" data-pagination-target="9">下一页&nbsp;&raquo;</a></span>
                
            </div>
=== total-9-page-9
<div class="pager">
                <span class="pager-no">第&nbsp;9&nbsp页; 共&nbsp;9&nbsp;页</span>
                
                    <span class="target"><a href="/main/p/8" data-pagination-target="8">&laquo;&nbsp;上一页</a></span>
                
                
                    
                        <span class="1 target"><a href="/main/p/1" data-pagination-target="1">1</a></span>
                    
                
                    
                        <span class="1 target"><a href="/main/p/2" data-pagination-target="2">2</a></span>
                    
                
                
                    <span class="dots">...</span>
                
                
                
                
                    
                        <span class="3 target"><a href="/main/p/6" data-pagination-target="6">6</a></span>
                    
                
                    
                        <span class="3 target"><a href="/main/p/7" data-pagination-target="7">7</a></span>
                    
                
                    
                        <span class="3 target"><a href="/main/p/8" data-pagination-target="8">8</a></span>
                    
                
                    
                        <span class="3 target current">9</span>
                    
                
                
            </div>
=== total-12-page-1
<div class="pager">
                <span class="pager-no">第&nbsp;1&nbsp页; 共&nbsp;12&nbsp;页</span>
                
                
                    
                        <span class="1 target current">1</span>
                    
                
                    
                        <span class="1 target"><a href="/main/p/2" data-pagination-target="2">2</a></span>
                    
                
                    
                        <span class="1 target"><a href="/main/p/3" data-pagination-target="3">3</a></span>
                    
                
                
                
                
                    <span class="dots">...</span>
                
                
                    
                        <span class="3 target"><a href="/main/p/11" data-pagination-target="11">11</a></span>
                    
                
                    
                        <span class="3 target"><a href="/main/p/12" data-pagination-target="12">12</a></span>
                    
                
                
                    <span class="target"><a href="/main/p/2" data-pagination-target="2">下一页&nbsp;&raquo;</a></span>
                
            </div>
=== total-12-page-2
<div class="pager">
                <span class="pager-no">第&nbsp;2&nbsp页; 共&nbsp;12&nbsp;页</span>
                
                    <span class="target"><a href="/main/p/1" data-pagination-target="1">&laquo;&nbsp;上一页</a></span>
                
                
                    
                        <span class="1 target"><a href="/main/p/1" data-pagination-target="1">1</a></span>
                    
                
                    
                        <span class="1 target current">2</span>
                    
                
                    
                        <span class="1 target"><a href="/main/p/3" data-pagination-target="3">3</a></span>
                    
                
                
                
                    
                        <span class="2 target"><a href="/main/p/4" data-pagination-target="4">4</a></span>
                    
                
                
                    <span class="dots">...</span>
                
                
                    
                        <span class="3 target"><a href="/main/p/11" data-pagination-target="11">11</a></span>
                    
                
                    
                        <span class="3 target"><a href="/main/p/12" data-pagination-target="12">12</a></span>
                    
                
                
                    <span class="target"><a href="/main/p/3" data-pagination-target="3">下一页&nbsp;&raquo;</a></span>
                
            </div>
=== total-12-page-3
<div class="pager">
                <span class="pager-no">第&nbsp;3&nbsp页; 共&nbsp;12&nbsp;页</span>
                
                    <span class="target"><a href="/main/p/2" data-pagination-target="2">&laquo;&nbsp;上一页</a></span>
                
                
                    
                        <span class="1 target"><a href="/main/p/1" data-pagination-target="1">1</a></span>
                    
                
                    
                        <span class="1 target"><a href="/main/p/2" data-pagination-target="2">2</a></span>
                    
                
                    
                        <span class="1 target current">3</span>
                    
                
                
                
                    
                        <span class="2 target"><a href="/main/p/4" data-pagination-target="4">4</a></span>
                    
                
                    
                        <span class="2 target"><a href="/main/p/5" data-pagination-target="5">5</a></span>
                    
                
                
                    <span class="dots">...</span>
                
                
                    
                        <span class="3 target"><a href="/main/p/11" data-pagination-target="11">11</a></span>
                    
                
                    
                        <span class="3 target"><a href="/main/p/12" data-pagination-target="12">12</a></span>
                    
                
                
                    <span class="target"><a href="/main/p/4" data-pagination-target="4">下一页&nbsp;&raquo;</a></span>
                
            </div>
=== total-12-page-4
<div class="pager">
                <span class="pager-no">第&nbsp;4&nbsp页; 共&nbsp;12&nbsp;页</span>
                
                    <span class="target"><a href="/main/p/3" data-pagination-target="3">&laquo;&nbsp;上一页</a></span>
                
                
                    
                        <span class="1 target"><a href="/main/p/1" data-pagination-target="1">1</a></span>
                    
                
                    
                        <span class="1 target"><a href="/main/p/2" data-pagination-target="2">2</a></span>
                    
                
                    
                        <span class="1 target"><a href="/main/p/3" data-pagination-target="3">3</a></span>
                    
                
                
                
                    
                        <span class="2 target current">4</span>
                    
                
                    
                        <span class="2 target"><a href="/main/p/5" data-pagination-target="5">5</a></span>
                    
                
                    
                        <span class="2 target"><a href="/main/p/6" data-pagination-target="6">6</a></span>
                    
                
                
                    <span class="dots">...</span>
                
                
                    
                        <span class="3 target"><a href="/main/p/11" data-pagination-target="11">11</a></span>
                    
                
                    
                        <span class="3 target"><a href="/main/p/12" data-pagination-target="12">12</a></span>
                    
                
                
                    <span class="target"><a href="/main/p/5" data-pagination-target="5">下一页&nbsp;&raquo;</a></span>
                
            </div>
=== total-12-page-5
<div class="pager">
                <span class="pager-no">第&nbsp;5&nbsp页; 共&nbsp;12&nbsp;页</span>
                
                    <span class="target"><a href="/main/p/4" data-pagination-target="4">&laquo;&nbsp;上一页</a></span>
                
                
                    
                        <span class="1 target"><a href="/main/p/1" data-pagination-target="1">1</a></span>
                    
                
                    
                        <span class="1 target"><a href="/main/p/2" data-pagination-target="2">2</a></span>
                    
                
                
                
                    
                        <span class="2 target"><a href="/main/p/3" data-pagination-target="3">3</a></span>
                    
                
                    
                        <span class="2 target"><a href="/main/p/4" data-pagination-target="4">4</a></span>
                    
                
                    
                        <span class="2 target current">5</span>
                    
                
                    
                        <span class="2 target"><a href="/main/p/6" data-pagination-target="6">6</a></span>
                    
                
                    
                        <span class="2 target"><a href="/main/p/7" data-pagination-target="7">7</a></span>
                    
                
                
                    <span class="dots">...</span>
                
                
                    
                        <span class="3 target"><a href="/main/p/11" data-pagination-target="11">11</a></span>
                    
                
                    
                        <span class="3 target"><a href="/main/p/12" data-pagination-target="12">12</a></span>
                    
                
                
                    <span class="target"><a href="/main/p/6" data-pagination-target="6">下一页&nbsp;&raquo;</a></span>
                
            </div>
=== total-12-page-6
<div class="pager">
                <span class="pager-no">第&nbsp;6&nbsp页; 共&nbsp;12&nbsp;页</span>
                
                    <span class="target"><a href="/main/p/5" data-pagination-target="5">&laquo;&nbsp;上一页</a></span>
                
                
                    
                        <span class="1 target"><a href="/main/p/1" data-pagination-target="1">1</a></span>
                    
                
                    
                        <span class="1 target"><a href="/main/p/2" data-pagination-target="2">2</a></span>
                    
                
                
                    <span class="dots">...</span>
                
                
                    
                        <span class="2 target"><a href="/main/p/4" data-pagination-target="4">4</a></span>
                    
                
                    
                        <span class="2 target"><a href="/main/p/5" data-pagination-target="5">5</a></span>
                    
                
                    
                        <span class="2 target current">6</span>
                    
                
                    
                        <span class="2 target"><a href="/main/p/7" data-pagination-target="7">7</a></span>
                    
                
                    
                        <span class="2 target"><a href="/main/p/8" data-pagination-target="8">8</a></span>
                    
                
                
                    <span class="dots">...</span>
                
                
                    
                        <span class="3 target"><a href="/main/p/11" data-pagination-target="11">11</a></span>
                    
                
                    
                        <span class="3 target"><a href="/main/p/12" data-pagination-target="12">12</a></span>
                    
                
                
                    <span class="target"><a href="/main/p/7" data-pagination-target="7">下一页&nbsp;&raquo;</a></span>
                
            </div>
=== total-12-page-11
<div class="pager">
                <span class="pager-no">第&nbsp;11&nbsp页; 共&nbsp;12&nbsp;页</span>
                
                    <span class="target"><a href="/main/p/10" data-pagination-target="10">&laquo;&nbsp;上一页</a></span>
                
                
                    
                        <span class="1 target"><a href="/main/p/1" data-pagination-target="1">1</a></span>
                    
                
                    
                        <span class="1 target"><a href="/main/p/2" data-pagination-target="2">2</a></span>
                    
                
                
                    <span class="dots">...</span>
                
                
                
                
                    
                        <span class="3 target"><a href="/main/p/9" data-pagination-target="9">9</a></span>
                    
                
                    
                        <span class="3 target"><a href="/main/p/10" data-pagination-target="10">10</a></span>
                    
                
                    
                        <span class="3 target current">11</span>
                    
                
                    
                        <span class="3 target"><a href="/main/p/12" data-pagination-target="12">12</a></span>
                    
                
                
                    <span class="target"><a href="/main/p/12" data-pagination-target="12">下一页&nbsp;&raquo;</a></span>
                
            </div>
=== total-12-page-12
<div class="pager">
                <span class="pager-no">第&nbsp;12&nbsp页; 共&nbsp;12&nbsp;页</span>
                
                    <span class="target"><a href="/main/p/11" data-pagination-target="11">&laquo;&nbsp;上一页</a></span>
                
                
                    
                        <span class="1 target"><a href="/main/p/1" data-pagination-target="1">1</a></span>
                    
                
                    
                        <span class="1 target"><a href="/main/p/2" data-pagination-target="2">2</a></span>
                    
                
                
                    <span class="dots">...</span>
                
                
                
                
                    
                        <span class="3 target"><a href="/main/p/9" data-pagination-target="9">9</a></span>
                    
                
                    
                        <span class="3 target"><a href="/main/p/10" data-pagination-target="10">10</a></span>
                    
                
                    
                        <span class="3 target"><a href="/main/p/11" data-pagination-target="11">11</a></span>
                    
                
                    
                        <span class="3 target current">12</span>
                    
                
                
            </div>
=== total-30-page-1
<div class="pager">
                <span class="pager-no">第&nbsp;1&nbsp页; 共&nbsp;30&nbsp;页</span>
                
                
                    
                        <span class="1 target current">1</span>
                    
                
                    
                        <span class="1 target"><a href="/main/p/2" data-pagination-target="2">2</a></span>
                    
                
                    
                        <span class="1 target"><a href="/main/p/3" data-pagination-target="3">3</a></span>
                    
                
                
                
                
                    <span class="dots">...</span>
                
                
                    
                        <span class="3 target"><a href="/main/p/29" data-pagination-target="29">29</a></span>
                    
                
                    
                        <span class="3 target"><a href="/main/p/30" data-pagination-target="30">30</a></span>
                    
                
                
                    <span class="target"><a href="/main/p/2" data-pagination-target="2">下一页&nbsp;&raquo;</a></span>
                
            </div>
=== total-30-page-2
<div class="pager">
                <span class="pager-no">第&nbsp;2&nbsp页; 共&nbsp;30&nbsp;页</span>
                
                    <span class="target"><a href="/main/p/1" data-pagination-target="1">&laquo;&nbsp;上一页</a></span>
                
                
                    
                        <span class="1 target"><a href="/main/p/1" data-pagination-target="1">1</a></span>
                    
                
                    
                        <span class="1 target current">2</span>
                    
                
                    
                        <span class="1 target"><a href="/main/p/3" data-pagination-target="3">3</a></span>
                    
                
                
                
                    
                        <span class="2 target"><a href="/main/p/4" data-pagination-target="4">4</a></span>
                    
                
                
                    <span class="dots">...</span>
                
                
                    
                        <span class="3 target"><a href="/main/p/29" data-pagination-target="29">29</a></span>
                    
                
                    
                        <span class="3 target"><a href="/main/p/30" data-pagination-target="30">30</a></span>
                    
                
                
                    <span class="target"><a href="/main/p/3" data-pagination-target="3">下一页&nbsp;&raquo;</a></span>
                
            </div>
=== total-30-page-3
<div class="pager">
                <span class="pager-no">第&nbsp;3&nbsp页; 共&nbsp;30&nbsp;页</span>
                
                    <span class="target"><a href="/main/p/2" data-pagination-target="2">&laquo;&nbsp;上一页</a></span>
                
                
                    
                        <span class="1 target"><a href="/main/p/1" data-pagination-target="1">1</a></span>
                    
                
                    
                        <span class="1 target"><a href="/main/p/2" data-pagination-target="2">2</a></span>
                    
                
                    
                        <span class="1 target current">3</span>
                    
                
                
                
                    
                        <span class="2 target"><a href="/main/p/4" data-pagination-target="4">4</a></span>
                    
                
                    
                        <span class="2 target"><a href="/main/p/5" data-pagination-target="5">5</a></span>
                    
                
                
                    <span class="dots">...</span>
                
                
                    
                        <span class="3 target"><a href="/main/p/29" data-pagination-target="29">29</a></span>
                    
                
                    
                        <span class="3 target"><a href="/main/p/30" data-pagination-target="30">30</a></span>
                    
                
                
                    <span class="target"><a href="/main/p/4" data-pagination-target="4">下一页&nbsp;&raquo;</a></span>
                
            </div>
=== total-30-page-4
<div class="pager">
                <span class="pager-no">第&nbsp;4&nbsp页; 共&nbsp;30&nbsp;页</span>
                
                    <span class="target"><a href="/main/p/3" data-pagination-target="3">&laquo;&nbsp;上一页</a></span>
                
                
                    
                        <span class="1 target"><a href="/main/p/1" data-pagination-target="1">1</a></span>
                    
                
                    
                        <span class="1 target"><a href="/main/p/2" data-pagination-target="2">2</a></span>
                    
                
                    
                        <span class="1 target"><a href="/main/p/3" data-pagination-target="3">3</a></span>
                    
                
                
                
                    
                        <span class="2 target current">4</span>
                    
                
                    
                        <span class="2 target"><a href="/main/p/5" data-pagination-target="5">5</a></span>
                    
                
                    
                        <span class="2 target"><a href="/main/p/6" data-pagination-target="6">6</a></span>
                    
                
                
                    <span class="dots">...</span>
                
                
                    
                        <span class="3 target"><a href="/main/p/29" data-pagination-target="29">29</a></span>
                    
                
                    
                        <span class="3 target"><a href="/main/p/30" data-pagination-target="30">30</a></span>
                    
                
                
                    <span class="target"><a href="/main/p/5" data-pagination-target="5">下一页&nbsp;&raquo;</a></span>
                
            </div>
=== total-30-page-5
<div class="pager">
                <span class="pager-no">第&nbsp;5&nbsp页; 共&nbsp;30&nbsp;页</span>
                
                    <span class="target"><a href="/main/p/4" data-pagination-target="4">&laquo;&nbsp;上一页</a></span>
                
                
                    
                        <span class="1 target"><a href="/main/p/1" data-pagination-target="1">1</a></span>
                    
                
                    
                        <span class="1 target"><a href="/main/p/2" data-pagination-target="2">2</a></span>
                    
                
                
                
                    
                        <span class="2 target"><a href="/main/p/3" data-pagination-target="3">3</a></span>
                    
                
                    
                        <span class="2 target"><a href="/main/p/4" data-pagination-target="4">4</a></span>
                    
                
                    
                        <span class="2 target current">5</span>
                    
                
                    
                        <span class="2 target"><a href="/main/p/6" data-pagination-target="6">6</a></span>
                    
                
                    
                        <span class="2 target"><a href="/main/p/7" data-pagination-target="7">7</a></span>
                    
                
                
                    <span class="dots">...</span>
                
                
                    
                        <span class="3 target"><a href="/main/p/29" data-pagination-target="29">29</a></span>
                    
                
                    
                        <span class="3 target"><a href="/main/p/30" data-pagination-target="30">30</a></span>
                    
                
                
                    <span class="target"><a href="/main/p/6" data-pagination-target="6">下一页&nbsp;&raquo;</a></span>
                
            </div>
=== total-30-page-6
<div class="pager">
                <span class="pager-no">第&nbsp;6&nbsp页; 共&nbsp;30&nbsp;页</span>
                
                    <span class="target"><a href="/main/p/5" data-pagination-target="5">&laquo;&nbsp;上一页</a></span>
                
                
                    
                        <span class="1 target"><a href="/main/p/1" data-pagination-target="1">1</a></span>
                    
                
                    
                        <span class="1 target"><a href="/main/p/2" data-pagination-target="2">2</a></span>
                    
                
                
                    <span class="dots">...</span>
                
                
                    
                        <span class="2 target"><a href="/main/p/4" data-pagination-target="4">4</a></span>
                    
                
                    
                        <span class="2 target"><a href="/main/p/5" data-pagination-target="5">5</a></span>
                    
                
                    
                        <span class="2 target current">6</span>
                    
                
                    
                        <span class="2 target"><a href="/main/p/7" data-pagination-target="7">7</a></span>
                    
                
                    
                        <span class="2 target"><a href="/main/p/8" data-pagination-target="8">8</a></span>
                    
                
                
                    <span class="dots">...</span>
                
                
                    
                        <span class="3 target"><a href="/main/p/29" data-pagination-target="29">29</a></span>
                    
                
                    
                        <span class="3 target"><a href="/main/p/30" data-pagination-target="30">30</a></span>
                    
                
                
                    <span class="target"><a href="/main/p/7" data-pagination-target="7">下一页&nbsp;&raquo;</a></span>
                
            </div>
=== total-30-page-29
<div class="pager">
                <span class="pager-no">第&nbsp;29&nbsp页; 共&nbsp;30&nbsp;页</span>
                
                    <span class="target"><a href="/main/p/28" data-pagination-target="28">&laquo;&nbsp;上一页</a></span>
                
                
                    
                        <span class="1 target"><a href="/main/p/1" data-pagination-target="1">1</a></span>
                    
                
                    
                        <span class="1 target"><a href="/main/p/2" data-pagination-target="2">2</a></span>
                    
                
                
                    <span class="dots">...</span>
                
                
                
                
                    
                        <span class="3 target"><a href="/main/p/27" data-pagination-target="27">27</a></span>
                    
                
                    
                        <span class="3 target"><a href="/main/p/28" data-pagination-target="28">28</a></span>
                    
                
                    
                        <span class="3 target current">29</span>
                    
                
                    
                        <span class="3 target"><a href="/main/p/30" data-pagination-target="30">30</a></span>
                    
                
                
                    <span class="target"><a href="/main/p/30" data-pagination-target="30">下一页&nbsp;&raquo;</a></span>
                
            </div>
=== total-30-page-30
<div class="pager">
                <span class="pager-no">第&nbsp;30&nbsp页; 共&nbsp;30&nbsp;页</span>
                
                    <span class="target"><a href="/main/p/29" data-pagination-target="29">&laquo;&nbsp;上一页</a></span>
                
                
                    
                        <span class="1 target"><a href="/main/p/1" data-pagination-target="1">1</a></span>
                    
                
                    
                        <span class="1 target"><a href="/main/p/2" data-pagination-target="2">2</a></span>
                    
                
                
                    <span class="dots">...</span>
                
                
                
                
                    
                        <span class="3 target"><a href="/main/p/27" data-pagination-target="27">27</a></span>
                    
                
                    
                        <span class="3 target"><a href="/main/p/28" data-pagination-target="28">28</a></span>
                    
                
                    
                        <span class="3 target"><a href="/main/p/29" data-pagination-target="29">29</a></span>
                    
                
                    
                        <span class="3 target current">30</span>
                    
                
                
            </div>
=== hash-base
<div class="pager">
                <span class="pager-no">第&nbsp;3&nbsp页; 共&nbsp;9&nbsp;页</span>
                
                    <span class="target"><a href="#/p/2" data-pagination-target="2">&laquo;&nbsp;上一页</a></span>
                
                
                    
                        <span class="1 target"><a href="#/p/1" data-pagination-target="1">1</a></span>
                    
                
                    
                        <span class="1 target"><a href="#/p/2" data-pagination-target="2">2</a></span>
                    
                
                    
                        <span class="1 target current">3</span>
                    
                
                
                
                    
                        <span class="2 target"><a href="#/p/4" data-pagination-target="4">4</a></span>
                    
                
                    
                        <span class="2 target"><a href="#/p/5" data-pagination-target="5">5</a></span>
                    
                
                
                    <span class="dots">...</span>
                
                
                    
                        <span class="3 target"><a href="#/p/8" data-pagination-target="8">8</a></span>
                    
                
                    
                        <span class="3 target"><a href="#/p/9" data-pagination-target="9">9</a></span>
                    
                
                
                    <span class="target"><a href="#/p/4" data-pagination-target="4">下一页&nbsp;&raquo;</a></span>
                
            </div>
=== base-with-params
<div class="pager">
                <span class="pager-no">第&nbsp;2&nbsp页; 共&nbsp;4&nbsp;页</span>
                
                    <span class="target"><a href="/scp:series/tag/euclid/p/1" data-pagination-target="1">&laquo;&nbsp;上一页</a></span>
                
                
                    
                        <span class="1 target"><a href="/scp:series/tag/euclid/p/1" data-pagination-target="1">1</a></span>
                    
                
                    
                        <span class="1 target current">2</span>
                    
                
                    
                        <span class="1 target"><a href="/scp:series/tag/euclid/p/3" data-pagination-target="3">3</a></span>
                    
                
                
                
                
                
                    
                        <span class="3 target"><a href="/scp:series/tag/euclid/p/4" data-pagination-target="4">4</a></span>
                    
                
                
                    <span class="target"><a href="/scp:series/tag/euclid/p/3" data-pagination-target="3">下一页&nbsp;&raquo;</a></span>
                
            </div>
=== base-needing-escape
<div class="pager">
                <span class="pager-no">第&nbsp;2&nbsp页; 共&nbsp;4&nbsp;页</span>
                
                    <span class="target"><a href="/main/q/a&quot;b&amp;c/p/1" data-pagination-target="1">&laquo;&nbsp;上一页</a></span>
                
                
                    
                        <span class="1 target"><a href="/main/q/a&quot;b&amp;c/p/1" data-pagination-target="1">1</a></span>
                    
                
                    
                        <span class="1 target current">2</span>
                    
                
                    
                        <span class="1 target"><a href="/main/q/a&quot;b&amp;c/p/3" data-pagination-target="3">3</a></span>
                    
                
                
                
                
                
                    
                        <span class="3 target"><a href="/main/q/a&quot;b&amp;c/p/4" data-pagination-target="4">4</a></span>
                    
                
                
                    <span class="target"><a href="/main/q/a&quot;b&amp;c/p/3" data-pagination-target="3">下一页&nbsp;&raquo;</a></span>
                
            </div>
